Archive member included to satisfy reference by file (symbol)

C:/ST/STM32CubeIDE_1.11.0/STM32CubeIDE/plugins/com.st.stm32cube.ide.mcu.externaltools.gnu-tools-for-stm32.11.3.rel1.win32_1.1.1.202309131626/tools/bin/../lib/gcc/arm-none-eabi/11.3.1/../../../../arm-none-eabi/lib/thumb/v7e-m+fp/hard\libc_nano.a(libc_a-exit.o)
                              C:/ST/STM32CubeIDE_1.11.0/STM32CubeIDE/plugins/com.st.stm32cube.ide.mcu.externaltools.gnu-tools-for-stm32.11.3.rel1.win32_1.1.1.202309131626/tools/bin/../lib/gcc/arm-none-eabi/11.3.1/../../../../arm-none-eabi/lib/thumb/v7e-m+fp/hard/crt0.o (exit)
C:/ST/STM32CubeIDE_1.11.0/STM32CubeIDE/plugins/com.st.stm32cube.ide.mcu.externaltools.gnu-tools-for-stm32.11.3.rel1.win32_1.1.1.202309131626/tools/bin/../lib/gcc/arm-none-eabi/11.3.1/../../../../arm-none-eabi/lib/thumb/v7e-m+fp/hard\libc_nano.a(libc_a-itoa.o)
                              ./Core/Src/sim800.o (itoa)
C:/ST/STM32CubeIDE_1.11.0/STM32CubeIDE/plugins/com.st.stm32cube.ide.mcu.externaltools.gnu-tools-for-stm32.11.3.rel1.win32_1.1.1.202309131626/tools/bin/../lib/gcc/arm-none-eabi/11.3.1/../../../../arm-none-eabi/lib/thumb/v7e-m+fp/hard\libc_nano.a(libc_a-strtol.o)
                              ./Core/Src/sim800.o (strtol)
C:/ST/STM32CubeIDE_1.11.0/STM32CubeIDE/plugins/com.st.stm32cube.ide.mcu.externaltools.gnu-tools-for-stm32.11.3.rel1.win32_1.1.1.202309131626/tools/bin/../lib/gcc/arm-none-eabi/11.3.1/../../../../arm-none-eabi/lib/thumb/v7e-m+fp/hard\libc_nano.a(libc_a-utoa.o)
                              C:/ST/STM32CubeIDE_1.11.0/STM32CubeIDE/plugins/com.st.stm32cube.ide.mcu.externaltools.gnu-tools-for-stm32.11.3.rel1.win32_1.1.1.202309131626/tools/bin/../lib/gcc/arm-none-eabi/11.3.1/../../../../arm-none-eabi/lib/thumb/v7e-m+fp/hard\libc_nano.a(libc_a-itoa.o) (__utoa)
C:/ST/STM32CubeIDE_1.11.0/STM32CubeIDE/plugins/com.st.stm32cube.ide.mcu.externaltools.gnu-tools-for-stm32.11.3.rel1.win32_1.1.1.202309131626/tools/bin/../lib/gcc/arm-none-eabi/11.3.1/../../../../arm-none-eabi/lib/thumb/v7e-m+fp/hard\libc_nano.a(libc_a-ctype_.o)
                              C:/ST/STM32CubeIDE_1.11.0/STM32CubeIDE/plugins/com.st.stm32cube.ide.mcu.externaltools.gnu-tools-for-stm32.11.3.rel1.win32_1.1.1.202309131626/tools/bin/../lib/gcc/arm-none-eabi/11.3.1/../../../../arm-none-eabi/lib/thumb/v7e-m+fp/hard\libc_nano.a(libc_a-strtol.o) (_ctype_)
C:/ST/STM32CubeIDE_1.11.0/STM32CubeIDE/plugins/com.st.stm32cube.ide.mcu.externaltools.gnu-tools-for-stm32.11.3.rel1.win32_1.1.1.202309131626/tools/bin/../lib/gcc/arm-none-eabi/11.3.1/../../../../arm-none-eabi/lib/thumb/v7e-m+fp/hard\libc_nano.a(libc_a-findfp.o)
                              C:/ST/STM32CubeIDE_1.11.0/STM32CubeIDE/plugins/com.st.stm32cube.ide.mcu.externaltools.gnu-tools-for-stm32.11.3.rel1.win32_1.1.1.202309131626/tools/bin/../lib/gcc/arm-none-eabi/11.3.1/../../../../arm-none-eabi/lib/thumb/v7e-m+fp/hard\libc_nano.a(libc_a-exit.o) (__stdio_exit_handler)
C:/ST/STM32CubeIDE_1.11.0/STM32CubeIDE/plugins/com.st.stm32cube.ide.mcu.externaltools.gnu-tools-for-stm32.11.3.rel1.win32_1.1.1.202309131626/tools/bin/../lib/gcc/arm-none-eabi/11.3.1/../../../../arm-none-eabi/lib/thumb/v7e-m+fp/hard\libc_nano.a(libc_a-fwalk.o)
                              C:/ST/STM32CubeIDE_1.11.0/STM32CubeIDE/plugins/com.st.stm32cube.ide.mcu.externaltools.gnu-tools-for-stm32.11.3.rel1.win32_1.1.1.202309131626/tools/bin/../lib/gcc/arm-none-eabi/11.3.1/../../../../arm-none-eabi/lib/thumb/v7e-m+fp/hard\libc_nano.a(libc_a-findfp.o) (_fwalk_sglue)
C:/ST/STM32CubeIDE_1.11.0/STM32CubeIDE/plugins/com.st.stm32cube.ide.mcu.externaltools.gnu-tools-for-stm32.11.3.rel1.win32_1.1.1.202309131626/tools/bin/../lib/gcc/arm-none-eabi/11.3.1/../../../../arm-none-eabi/lib/thumb/v7e-m+fp/hard\libc_nano.a(libc_a-sprintf.o)
                              ./Core/Src/main.o (sprintf)
C:/ST/STM32CubeIDE_1.11.0/STM32CubeIDE/plugins/com.st.stm32cube.ide.mcu.externaltools.gnu-tools-for-stm32.11.3.rel1.win32_1.1.1.202309131626/tools/bin/../lib/gcc/arm-none-eabi/11.3.1/../../../../arm-none-eabi/lib/thumb/v7e-m+fp/hard\libc_nano.a(libc_a-stdio.o)
                              C:/ST/STM32CubeIDE_1.11.0/STM32CubeIDE/plugins/com.st.stm32cube.ide.mcu.externaltools.gnu-tools-for-stm32.11.3.rel1.win32_1.1.1.202309131626/tools/bin/../lib/gcc/arm-none-eabi/11.3.1/../../../../arm-none-eabi/lib/thumb/v7e-m+fp/hard\libc_nano.a(libc_a-findfp.o) (__sread)
C:/ST/STM32CubeIDE_1.11.0/STM32CubeIDE/plugins/com.st.stm32cube.ide.mcu.externaltools.gnu-tools-for-stm32.11.3.rel1.win32_1.1.1.202309131626/tools/bin/../lib/gcc/arm-none-eabi/11.3.1/../../../../arm-none-eabi/lib/thumb/v7e-m+fp/hard\libc_nano.a(libc_a-memset.o)
                              C:/ST/STM32CubeIDE_1.11.0/STM32CubeIDE/plugins/com.st.stm32cube.ide.mcu.externaltools.gnu-tools-for-stm32.11.3.rel1.win32_1.1.1.202309131626/tools/bin/../lib/gcc/arm-none-eabi/11.3.1/../../../../arm-none-eabi/lib/thumb/v7e-m+fp/hard/crt0.o (memset)
[...]
Memory Configuration

Name             Origin             Length             Attributes
RAM              0x0000000020000000 0x0000000000010000 xrw
FLASH            0x0000000008000000 0x0000000000040000 xr
*default*        0x0000000000000000 0xffffffffffffffff

Linker script and memory map

LOAD C:/ST/STM32CubeIDE_1.11.0/STM32CubeIDE/plugins/com.st.stm32cube.ide.mcu.externaltools.gnu-tools-for-stm32.11.3.rel1.win32_1.1.1.202309131626/tools/bin/../lib/gcc/arm-none-eabi/11.3.1/thumb/v7e-m+fp/hard/crti.o
LOAD C:/ST/STM32CubeIDE_1.11.0/STM32CubeIDE/plugins/com.st.stm32cube.ide.mcu.externaltools.gnu-tools-for-stm32.11.3.rel1.win32_1.1.1.202309131626/tools/bin/../lib/gcc/arm-none-eabi/11.3.1/thumb/v7e-m+fp/hard/crtbegin.o
LOAD C:/ST/STM32CubeIDE_1.11.0/STM32CubeIDE/plugins/com.st.stm32cube.ide.mcu.externaltools.gnu-tools-for-stm32.11.3.rel1.win32_1.1.1.202309131626/tools/bin/../lib/gcc/arm-none-eabi/11.3.1/../../../../arm-none-eabi/lib/thumb/v7e-m+fp/hard/crt0.o
LOAD ./Core/Src/main.o
LOAD ./Core/Src/sim800.o
LOAD ./Core/Src/stm32f4xx_hal_msp.o
LOAD ./Core/Src/stm32f4xx_it.o
LOAD ./Core/Src/syscalls.o
LOAD ./Core/Src/sysmem.o
LOAD ./Core/Src/system_stm32f4xx.o
LOAD ./Core/Startup/startup_stm32f401ccux.o
LOAD ./Drivers/STM32F4xx_HAL_Driver/Src/stm32f4xx_hal.o
LOAD ./Drivers/STM32F4xx_HAL_Driver/Src/stm32f4xx_hal_cortex.o
LOAD ./Drivers/STM32F4xx_HAL_Driver/Src/stm32f4xx_hal_dma.o
LOAD ./Drivers/STM32F4xx_HAL_Driver/Src/stm32f4xx_hal_dma_ex.o
LOAD ./Drivers/STM32F4xx_HAL_Driver/Src/stm32f4xx_hal_exti.o
LOAD ./Drivers/STM32F4xx_HAL_Driver/Src/stm32f4xx_hal_flash.o
LOAD ./Drivers/STM32F4xx_HAL_Driver/Src/stm32f4xx_hal_flash_ex.o
LOAD ./Drivers/STM32F4xx_HAL_Driver/Src/stm32f4xx_hal_flash_ramfunc.o
LOAD ./Drivers/STM32F4xx_HAL_Driver/Src/stm32f4xx_hal_gpio.o
LOAD ./Drivers/STM32F4xx_HAL_Driver/Src/stm32f4xx_hal_pwr.o
LOAD ./Drivers/STM32F4xx_HAL_Driver/Src/stm32f4xx_hal_pwr_ex.o
LOAD ./Drivers/STM32F4xx_HAL_Driver/Src/stm32f4xx_hal_rcc.o
LOAD ./Drivers/STM32F4xx_HAL_Driver/Src/stm32f4xx_hal_rcc_ex.o
LOAD ./Drivers/STM32F4xx_HAL_Driver/Src/stm32f4xx_hal_uart.o
START GROUP
LOAD C:/ST/STM32CubeIDE_1.11.0/STM32CubeIDE/plugins/com.st.stm32cube.ide.mcu.externaltools.gnu-tools-for-stm32.11.3.rel1.win32_1.1.1.202309131626/tools/bin/../lib/gcc/arm-none-eabi/11.3.1/../../../../arm-none-eabi/lib/thumb/v7e-m+fp/hard\libc_nano.a
LOAD C:/ST/STM32CubeIDE_1.11.0/STM32CubeIDE/plugins/com.st.stm32cube.ide.mcu.externaltools.gnu-tools-for-stm32.11.3.rel1.win32_1.1.1.202309131626/tools/bin/../lib/gcc/arm-none-eabi/11.3.1/../../../../arm-none-eabi/lib/thumb/v7e-m+fp/hard\libm.a
END GROUP
START GROUP
LOAD C:/ST/STM32CubeIDE_1.11.0/STM32CubeIDE/plugins/com.st.stm32cube.ide.mcu.externaltools.gnu-tools-for-stm32.11.3.rel1.win32_1.1.1.202309131626/tools/bin/../lib/gcc/arm-none-eabi/11.3.1/thumb/v7e-m+fp/hard\libgcc.a
LOAD C:/ST/STM32CubeIDE_1.11.0/STM32CubeIDE/plugins/com.st.stm32cube.ide.mcu.externaltools.gnu-tools-for-stm32.11.3.rel1.win32_1.1.1.202309131626/tools/bin/../lib/gcc/arm-none-eabi/11.3.1/../../../../arm-none-eabi/lib/thumb/v7e-m+fp/hard\libc_nano.a
END GROUP
START GROUP
LOAD C:/ST/STM32CubeIDE_1.11.0/STM32CubeIDE/plugins/com.st.stm32cube.ide.mcu.externaltools.gnu-tools-for-stm32.11.3.rel1.win32_1.1.1.202309131626/tools/bin/../lib/gcc/arm-none-eabi/11.3.1/thumb/v7e-m+fp/hard\libgcc.a
LOAD C:/ST/STM32CubeIDE_1.11.0/STM32CubeIDE/plugins/com.st.stm32cube.ide.mcu.externaltools.gnu-tools-for-stm32.11.3.rel1.win32_1.1.1.202309131626/tools/bin/../lib/gcc/arm-none-eabi/11.3.1/../../../../arm-none-eabi/lib/thumb/v7e-m+fp/hard\libc_nano.a
LOAD C:/ST/STM32CubeIDE_1.11.0/STM32CubeIDE/plugins/com.st.stm32cube.ide.mcu.externaltools.gnu-tools-for-stm32.11.3.rel1.win32_1.1.1.202309131626/tools/bin/../lib/gcc/arm-none-eabi/11.3.1/../../../../arm-none-eabi/lib/thumb/v7e-m+fp/hard\libnosys.a
END GROUP
START GROUP
LOAD C:/ST/STM32CubeIDE_1.11.0/STM32CubeIDE/plugins/com.st.stm32cube.ide.mcu.externaltools.gnu-tools-for-stm32.11.3.rel1.win32_1.1.1.202309131626/tools/bin/../lib/gcc/arm-none-eabi/11.3.1/thumb/v7e-m+fp/hard\libgcc.a
LOAD C:/ST/STM32CubeIDE_1.11.0/STM32CubeIDE/plugins/com.st.stm32cube.ide.mcu.externaltools.gnu-tools-for-stm32.11.3.rel1.win32_1.1.1.202309131626/tools/bin/../lib/gcc/arm-none-eabi/11.3.1/../../../../arm-none-eabi/lib/thumb/v7e-m+fp/hard\libc_nano.a
LOAD C:/ST/STM32CubeIDE_1.11.0/STM32CubeIDE/plugins/com.st.stm32cube.ide.mcu.externaltools.gnu-tools-for-stm32.11.3.rel1.win32_1.1.1.202309131626/tools/bin/../lib/gcc/arm-none-eabi/11.3.1/../../../../arm-none-eabi/lib/thumb/v7e-m+fp/hard\libnosys.a
END GROUP
LOAD C:/ST/STM32CubeIDE_1.11.0/STM32CubeIDE/plugins/com.st.stm32cube.ide.mcu.externaltools.gnu-tools-for-stm32.11.3.rel1.win32_1.1.1.202309131626/tools/bin/../lib/gcc/arm-none-eabi/11.3.1/thumb/v7e-m+fp/hard/crtend.o
LOAD C:/ST/STM32CubeIDE_1.11.0/STM32CubeIDE/plugins/com.st.stm32cube.ide.mcu.externaltools.gnu-tools-for-stm32.11.3.rel1.win32_1.1.1.202309131626/tools/bin/../lib/gcc/arm-none-eabi/11.3.1/thumb/v7e-m+fp/hard/crtn.o
                0x0000000020010000                _estack = (ORIGIN (RAM) + LENGTH (RAM))
                0x0000000000000200                _Min_Heap_Size = 0x200
                0x0000000000000400                _Min_Stack_Size = 0x400

.isr_vector     0x0000000008000000      0x194
                0x0000000008000000                . = ALIGN (0x4)
 *(.isr_vector)
 .isr_vector    0x0000000008000000      0x194 ./Core/Startup/startup_stm32f401ccux.o
                0x0000000008000000                g_pfnVectors
                0x0000000008000194                . = ALIGN (0x4)

.text           0x00000000080001a0     0x4100
                0x00000000080001a0                . = ALIGN (0x4)
 *(.text)
 .text          0x00000000080001a0       0x40 C:/ST/STM32CubeIDE_1.11.0/STM32CubeIDE/plugins/com.st.stm32cube.ide.mcu.externaltools.gnu-tools-for-stm32.11.3.rel1.win32_1.1.1.202309131626/tools/bin/../lib/gcc/arm-none-eabi/11.3.1/thumb/v7e-m+fp/hard/crtbegin.o
 .text          0x00000000080001e0       0x14 C:/ST/STM32CubeIDE_1.11.0/STM32CubeIDE/plugins/com.st.stm32cube.ide.mcu.externaltools.gnu-tools-for-stm32.11.3.rel1.win32_1.1.1.202309131626/tools/bin/../lib/gcc/arm-none-eabi/11.3.1/../../../../arm-none-eabi/lib/thumb/v7e-m+fp/hard\libc_nano.a(libc_a-strcmp.o)
                0x00000000080001e0                strcmp
 .text          0x00000000080001f4       0x10 C:/ST/STM32CubeIDE_1.11.0/STM32CubeIDE/plugins/com.st.stm32cube.ide.mcu.externaltools.gnu-tools-for-stm32.11.3.rel1.win32_1.1.1.202309131626/tools/bin/../lib/gcc/arm-none-eabi/11.3.1/../../../../arm-none-eabi/lib/thumb/v7e-m+fp/hard\libc_nano.a(libc_a-strlen.o)
                0x00000000080001f4                strlen
 *fill*         0x0000000008000204        0xc 
 .text          0x0000000008000210       0xa0 C:/ST/STM32CubeIDE_1.11.0/STM32CubeIDE/plugins/com.st.stm32cube.ide.mcu.externaltools.gnu-tools-for-stm32.11.3.rel1.win32_1.1.1.202309131626/tools/bin/../lib/gcc/arm-none-eabi/11.3.1/../../../../arm-none-eabi/lib/thumb/v7e-m+fp/hard\libc_nano.a(libc_a-memchr.o)
                0x0000000008000210                memchr
 .text          0x00000000080002b0       0x30 C:/ST/STM32CubeIDE_1.11.0/STM32CubeIDE/plugins/com.st.stm32cube.ide.mcu.externaltools.gnu-tools-for-stm32.11.3.rel1.win32_1.1.1.202309131626/tools/bin/../lib/gcc/arm-none-eabi/11.3.1/thumb/v7e-m+fp/hard\libgcc.a(_aeabi_uldivmod.o)
                0x00000000080002b0                __aeabi_uldivmod
 .text          0x00000000080002e0      0x2c8 C:/ST/STM32CubeIDE_1.11.0/STM32CubeIDE/plugins/com.st.stm32cube.ide.mcu.externaltools.gnu-tools-for-stm32.11.3.rel1.win32_1.1.1.202309131626/tools/bin/../lib/gcc/arm-none-eabi/11.3.1/thumb/v7e-m+fp/hard\libgcc.a(_udivmoddi4.o)
                0x00000000080002e0                __udivmoddi4
 .text          0x00000000080005a8        0x4 C:/ST/STM32CubeIDE_1.11.0/STM32CubeIDE/plugins/com.st.stm32cube.ide.mcu.externaltools.gnu-tools-for-stm32.11.3.rel1.win32_1.1.1.202309131626/tools/bin/../lib/gcc/arm-none-eabi/11.3.1/thumb/v7e-m+fp/hard\libgcc.a(_dvmd_tls.o)
                0x00000000080005a8                __aeabi_idiv0
                0x00000000080005a8                __aeabi_ldiv0
 *(.text*)
 .text.main     0x00000000080005ac      0x108 ./Core/Src/main.o
                0x00000000080005ac                main
 .text.SystemClock_Config
                0x00000000080006b4       0xc0 ./Core/Src/main.o
                0x00000000080006b4                SystemClock_Config
 .text.MX_USART2_UART_Init
                0x0000000008000774       0x54 ./Core/Src/main.o
 .text.MX_GPIO_Init
                0x00000000080007c8       0x34 ./Core/Src/main.o
 .text.HAL_UART_RxCpltCallback
                0x00000000080007fc       0x28 ./Core/Src/main.o
                0x00000000080007fc                HAL_UART_RxCpltCallback
 .text.SIM800_NewSMSNotificationCallBack
                0x0000000008000824       0x1a ./Core/Src/main.o
                0x0000000008000824                SIM800_NewSMSNotificationCallBack
 *fill*         0x000000000800083e        0x2 
 .text.SIM800_RcvdSMSCallBack
                0x0000000008000840       0x2c ./Core/Src/main.o
                0x0000000008000840                SIM800_RcvdSMSCallBack
 .text.Error_Handler
                0x000000000800086c        0xa ./Core/Src/main.o
                0x000000000800086c                Error_Handler
 *fill*         0x0000000008000876        0x2 
 .text.SIM800_ManageReceiving
                0x0000000008000878       0x68 ./Core/Src/sim800.o
                0x0000000008000878                SIM800_ManageReceiving
 .text.SIM800_GetBatteryInfo
                0x00000000080008e0       0xc4 ./Core/Src/sim800.o
                0x00000000080008e0                SIM800_GetBatteryInfo
 .text.SIM800_GetNetworkRegStatus
                0x00000000080009a4       0xe0 ./Core/Src/sim800.o
                0x00000000080009a4                SIM800_GetNetworkRegStatus
 .text.SIM800_SetSMSTextMode
                0x0000000008000a84       0xa8 ./Core/Src/sim800.o
                0x0000000008000a84                SIM800_SetSMSTextMode
 .text.SIM800_DeleteAllSMSMessages
                0x0000000008000b2c       0xa8 ./Core/Src/sim800.o
                0x0000000008000b2c                SIM800_DeleteAllSMSMessages
 .text.SIM800_SendSMSMessage
                0x0000000008000bd4      0x174 ./Core/Src/sim800.o
                0x0000000008000bd4                SIM800_SendSMSMessage
 .text.SIM800_ManageSMSNotifications
                0x0000000008000d48       0x70 ./Core/Src/sim800.o
                0x0000000008000d48                SIM800_ManageSMSNotifications
 .text.SIM800_RequestSMSMessage
                0x0000000008000db8       0xac ./Core/Src/sim800.o
                0x0000000008000db8                SIM800_RequestSMSMessage
 .text.SIM800_MessageHandler
                0x0000000008000e64      0x2d0 ./Core/Src/sim800.o
                0x0000000008000e64                SIM800_MessageHandler
 .text.add_pending_message
                0x0000000008001134       0xc2 ./Core/Src/sim800.o
 .text.remove_expected_code
                0x00000000080011f6       0x3e ./Core/Src/sim800.o
 .text.send_command
                0x0000000008001234       0x38 ./Core/Src/sim800.o
 .text.validate_message
                0x000000000800126c       0x28 ./Core/Src/sim800.o
 .text.wait_for_state
                0x0000000008001294       0x4e ./Core/Src/sim800.o
 .text.cmti_handler
                0x00000000080012e2       0x62 ./Core/Src/sim800.o
 .text.cmgr_handler
                0x0000000008001344       0x72 ./Core/Src/sim800.o
 .text.cbc_parser
                0x00000000080013b6       0x8a ./Core/Src/sim800.o
 .text.cmgr_parser
                0x0000000008001440       0x90 ./Core/Src/sim800.o
 .text.HAL_MspInit
                0x00000000080014d0       0x50 ./Core/Src/stm32f4xx_hal_msp.o
                0x00000000080014d0                HAL_MspInit
 .text.HAL_UART_MspInit
                0x0000000008001520       0xa0 ./Core/Src/stm32f4xx_hal_msp.o
                0x0000000008001520                HAL_UART_MspInit
 .text.NMI_Handler
                0x00000000080015c0        0x6 ./Core/Src/stm32f4xx_it.o
                0x00000000080015c0                NMI_Handler
 .text.HardFault_Handler
                0x00000000080015c6        0x6 ./Core/Src/stm32f4xx_it.o
                0x00000000080015c6                HardFault_Handler
 .text.MemManage_Handler
                0x00000000080015cc        0x6 ./Core/Src/stm32f4xx_it.o
                0x00000000080015cc                MemManage_Handler
 .text.BusFault_Handler
                0x00000000080015d2        0x6 ./Core/Src/stm32f4xx_it.o
                0x00000000080015d2                BusFault_Handler
 .text.UsageFault_Handler
                0x00000000080015d8        0x6 ./Core/Src/stm32f4xx_it.o
                0x00000000080015d8                UsageFault_Handler
 .text.SVC_Handler
                0x00000000080015de        0xe ./Core/Src/stm32f4xx_it.o
                0x00000000080015de                SVC_Handler
 .text.DebugMon_Handler
                0x00000000080015ec        0xe ./Core/Src/stm32f4xx_it.o
                0x00000000080015ec                DebugMon_Handler
 .text.PendSV_Handler
                0x00000000080015fa        0xe ./Core/Src/stm32f4xx_it.o
                0x00000000080015fa                PendSV_Handler
 .text.SysTick_Handler
                0x0000000008001608        0xc ./Core/Src/stm32f4xx_it.o
                0x0000000008001608                SysTick_Handler
 .text.USART2_IRQHandler
                0x0000000008001614       0x14 ./Core/Src/stm32f4xx_it.o
                0x0000000008001614                USART2_IRQHandler
 .text._sbrk    0x0000000008001628       0x6c ./Core/Src/sysmem.o
                0x0000000008001628                _sbrk
 .text.SystemInit
                0x0000000008001694       0x24 ./Core/Src/system_stm32f4xx.o
                0x0000000008001694                SystemInit
 .text.Reset_Handler
                0x00000000080016b8       0x50 ./Core/Startup/startup_stm32f401ccux.o
                0x00000000080016b8                Reset_Handler
 .text.Default_Handler
                0x0000000008001708        0x2 ./Core/Startup/startup_stm32f401ccux.o
                0x0000000008001708                RTC_Alarm_IRQHandler
                0x0000000008001708                EXTI2_IRQHandler
                0x0000000008001708                SPI4_IRQHandler
                0x0000000008001708                TIM1_CC_IRQHandler
                0x0000000008001708                DMA2_Stream5_IRQHandler
                0x0000000008001708                DMA1_Stream5_IRQHandler
                0x0000000008001708                PVD_IRQHandler
                0x0000000008001708                SDIO_IRQHandler
                0x0000000008001708                TAMP_STAMP_IRQHandler
                0x0000000008001708                EXTI3_IRQHandler
                0x0000000008001708                TIM1_UP_TIM10_IRQHandler
                0x0000000008001708                I2C3_ER_IRQHandler
                0x0000000008001708                EXTI0_IRQHandler
                0x0000000008001708                I2C2_EV_IRQHandler
                0x0000000008001708                DMA1_Stream2_IRQHandler
                0x0000000008001708                FPU_IRQHandler
                0x0000000008001708                DMA2_Stream2_IRQHandler
                0x0000000008001708                SPI1_IRQHandler
                0x0000000008001708                TIM1_BRK_TIM9_IRQHandler
                0x0000000008001708                DMA2_Stream3_IRQHandler
                0x0000000008001708                USART6_IRQHandler
                0x0000000008001708                DMA2_Stream0_IRQHandler
                0x0000000008001708                TIM4_IRQHandler
                0x0000000008001708                I2C1_EV_IRQHandler
                0x0000000008001708                DMA1_Stream6_IRQHandler
                0x0000000008001708                DMA1_Stream1_IRQHandler
                0x0000000008001708                TIM3_IRQHandler
                0x0000000008001708                RCC_IRQHandler
                0x0000000008001708                Default_Handler
                0x0000000008001708                EXTI15_10_IRQHandler
                0x0000000008001708                ADC_IRQHandler
                0x0000000008001708                DMA1_Stream7_IRQHandler
                0x0000000008001708                TIM5_IRQHandler
                0x0000000008001708                DMA2_Stream7_IRQHandler
                0x0000000008001708                I2C3_EV_IRQHandler
                0x0000000008001708                EXTI9_5_IRQHandler
                0x0000000008001708                RTC_WKUP_IRQHandler
                0x0000000008001708                SPI2_IRQHandler
                0x0000000008001708                DMA1_Stream0_IRQHandler
                0x0000000008001708                EXTI4_IRQHandler
                0x0000000008001708                WWDG_IRQHandler
                0x0000000008001708                TIM2_IRQHandler
                0x0000000008001708                OTG_FS_WKUP_IRQHandler
                0x0000000008001708                TIM1_TRG_COM_TIM11_IRQHandler
                0x0000000008001708                EXTI1_IRQHandler
                0x0000000008001708                I2C2_ER_IRQHandler
                0x0000000008001708                DMA2_Stream1_IRQHandler
                0x0000000008001708                FLASH_IRQHandler
                0x0000000008001708                DMA2_Stream4_IRQHandler
                0x0000000008001708                USART1_IRQHandler
                0x0000000008001708                OTG_FS_IRQHandler
                0x0000000008001708                SPI3_IRQHandler
                0x0000000008001708                DMA1_Stream4_IRQHandler
                0x0000000008001708                I2C1_ER_IRQHandler
                0x0000000008001708                DMA2_Stream6_IRQHandler
                0x0000000008001708                DMA1_Stream3_IRQHandler
 *fill*         0x000000000800170a        0x2 
 .text.HAL_Init
                0x000000000800170c       0x44 ./Drivers/STM32F4xx_HAL_Driver/Src/stm32f4xx_hal.o
                0x000000000800170c                HAL_Init
 .text.HAL_InitTick
                0x0000000008001750       0x60 ./Drivers/STM32F4xx_HAL_Driver/Src/stm32f4xx_hal.o
                0x0000000008001750                HAL_InitTick
 .text.HAL_IncTick
                0x00000000080017b0       0x28 ./Drivers/STM32F4xx_HAL_Driver/Src/stm32f4xx_hal.o
                0x00000000080017b0                HAL_IncTick
 .text.HAL_GetTick
                0x00000000080017d8       0x18 ./Drivers/STM32F4xx_HAL_Driver/Src/stm32f4xx_hal.o
                0x00000000080017d8                HAL_GetTick
 .text.HAL_Delay
                0x00000000080017f0       0x48 ./Drivers/STM32F4xx_HAL_Driver/Src/stm32f4xx_hal.o
                0x00000000080017f0                HAL_Delay
 .text.__NVIC_SetPriorityGrouping
                0x0000000008001838       0x48 ./Drivers/STM32F4xx_HAL_Driver/Src/stm32f4xx_hal_cortex.o
 .text.__NVIC_GetPriorityGrouping
                0x0000000008001880       0x1c ./Drivers/STM32F4xx_HAL_Driver/Src/stm32f4xx_hal_cortex.o
 .text.__NVIC_EnableIRQ
                0x000000000800189c       0x3c ./Drivers/STM32F4xx_HAL_Driver/Src/stm32f4xx_hal_cortex.o
 .text.__NVIC_SetPriority
                0x00000000080018d8       0x54 ./Drivers/STM32F4xx_HAL_Driver/Src/stm32f4xx_hal_cortex.o
 .text.NVIC_EncodePriority
                0x000000000800192c       0x66 ./Drivers/STM32F4xx_HAL_Driver/Src/stm32f4xx_hal_cortex.o
 *fill*         0x0000000008001992        0x2 
 .text.SysTick_Config
                0x0000000008001994       0x44 ./Drivers/STM32F4xx_HAL_Driver/Src/stm32f4xx_hal_cortex.o
 .text.HAL_NVIC_SetPriorityGrouping
                0x00000000080019d8       0x16 ./Drivers/STM32F4xx_HAL_Driver/Src/stm32f4xx_hal_cortex.o
                0x00000000080019d8                HAL_NVIC_SetPriorityGrouping
 .text.HAL_NVIC_SetPriority
                0x00000000080019ee       0x38 ./Drivers/STM32F4xx_HAL_Driver/Src/stm32f4xx_hal_cortex.o
                0x00000000080019ee                HAL_NVIC_SetPriority
 .text.HAL_NVIC_EnableIRQ
                0x0000000008001a26       0x1c ./Drivers/STM32F4xx_HAL_Driver/Src/stm32f4xx_hal_cortex.o
                0x0000000008001a26                HAL_NVIC_EnableIRQ
 .text.HAL_SYSTICK_Config
                0x0000000008001a42       0x18 ./Drivers/STM32F4xx_HAL_Driver/Src/stm32f4xx_hal_cortex.o
                0x0000000008001a42                HAL_SYSTICK_Config
 .text.HAL_DMA_Abort
                0x0000000008001a5a       0xe0 ./Drivers/STM32F4xx_HAL_Driver/Src/stm32f4xx_hal_dma.o
                0x0000000008001a5a                HAL_DMA_Abort
 .text.HAL_DMA_Abort_IT
                0x0000000008001b3a       0x44 ./Drivers/STM32F4xx_HAL_Driver/Src/stm32f4xx_hal_dma.o
                0x0000000008001b3a                HAL_DMA_Abort_IT
 *fill*         0x0000000008001b7e        0x2 
 .text.HAL_GPIO_Init
                0x0000000008001b80      0x308 ./Drivers/STM32F4xx_HAL_Driver/Src/stm32f4xx_hal_gpio.o
                0x0000000008001b80                HAL_GPIO_Init
 .text.HAL_RCC_OscConfig
                0x0000000008001e88      0x4f0 ./Drivers/STM32F4xx_HAL_Driver/Src/stm32f4xx_hal_rcc.o
                0x0000000008001e88                HAL_RCC_OscConfig
 .text.HAL_RCC_ClockConfig
                0x0000000008002378      0x1cc ./Drivers/STM32F4xx_HAL_Driver/Src/stm32f4xx_hal_rcc.o
                0x0000000008002378                HAL_RCC_ClockConfig
 .text.HAL_RCC_GetSysClockFreq
                0x0000000008002544      0x18c ./Drivers/STM32F4xx_HAL_Driver/Src/stm32f4xx_hal_rcc.o
                0x0000000008002544                HAL_RCC_GetSysClockFreq
 .text.HAL_RCC_GetHCLKFreq
                0x00000000080026d0       0x18 ./Drivers/STM32F4xx_HAL_Driver/Src/stm32f4xx_hal_rcc.o
                0x00000000080026d0                HAL_RCC_GetHCLKFreq
 .text.HAL_RCC_GetPCLK1Freq
                0x00000000080026e8       0x28 ./Drivers/STM32F4xx_HAL_Driver/Src/stm32f4xx_hal_rcc.o
                0x00000000080026e8                HAL_RCC_GetPCLK1Freq
 .text.HAL_RCC_GetPCLK2Freq
                0x0000000008002710       0x28 ./Drivers/STM32F4xx_HAL_Driver/Src/stm32f4xx_hal_rcc.o
                0x0000000008002710                HAL_RCC_GetPCLK2Freq
 .text.HAL_UART_Init
                0x0000000008002738       0x9a ./Drivers/STM32F4xx_HAL_Driver/Src/stm32f4xx_hal_uart.o
                0x0000000008002738                HAL_UART_Init
 .text.HAL_UART_Transmit_IT
                0x00000000080027d2       0x8a ./Drivers/STM32F4xx_HAL_Driver/Src/stm32f4xx_hal_uart.o
                0x00000000080027d2                HAL_UART_Transmit_IT
 .text.HAL_UART_Receive_IT
                0x000000000800285c       0x60 ./Drivers/STM32F4xx_HAL_Driver/Src/stm32f4xx_hal_uart.o
                0x000000000800285c                HAL_UART_Receive_IT
 .text.HAL_UART_IRQHandler
                0x00000000080028bc      0x51c ./Drivers/STM32F4xx_HAL_Driver/Src/stm32f4xx_hal_uart.o
                0x00000000080028bc                HAL_UART_IRQHandler
 .text.HAL_UART_TxCpltCallback
                0x0000000008002dd8       0x14 ./Drivers/STM32F4xx_HAL_Driver/Src/stm32f4xx_hal_uart.o
                0x0000000008002dd8                HAL_UART_TxCpltCallback
 .text.HAL_UART_ErrorCallback
                0x0000000008002dec       0x14 ./Drivers/STM32F4xx_HAL_Driver/Src/stm32f4xx_hal_uart.o
                0x0000000008002dec                HAL_UART_ErrorCallback
 .text.HAL_UARTEx_RxEventCallback
                0x0000000008002e00       0x18 ./Drivers/STM32F4xx_HAL_Driver/Src/stm32f4xx_hal_uart.o
                0x0000000008002e00                HAL_UARTEx_RxEventCallback
 .text.UART_Start_Receive_IT
                0x0000000008002e18       0x7c ./Drivers/STM32F4xx_HAL_Driver/Src/stm32f4xx_hal_uart.o
                0x0000000008002e18                UART_Start_Receive_IT
 .text.UART_EndRxTransfer
                0x0000000008002e94       0xc6 ./Drivers/STM32F4xx_HAL_Driver/Src/stm32f4xx_hal_uart.o
 .text.UART_DMAAbortOnError
                0x0000000008002f5a       0x28 ./Drivers/STM32F4xx_HAL_Driver/Src/stm32f4xx_hal_uart.o
 .text.UART_Transmit_IT
                0x0000000008002f82       0xa0 ./Drivers/STM32F4xx_HAL_Driver/Src/stm32f4xx_hal_uart.o
 .text.UART_EndTransmit_IT
                0x0000000008003022       0x30 ./Drivers/STM32F4xx_HAL_Driver/Src/stm32f4xx_hal_uart.o
 .text.UART_Receive_IT
                0x0000000008003052      0x176 ./Drivers/STM32F4xx_HAL_Driver/Src/stm32f4xx_hal_uart.o
 .text.UART_SetConfig
                0x00000000080031c8      0x4e8 ./Drivers/STM32F4xx_HAL_Driver/Src/stm32f4xx_hal_uart.o
 .text.__itoa   0x00000000080036b0       0x30 C:/ST/STM32CubeIDE_1.11.0/STM32CubeIDE/plugins/com.st.stm32cube.ide.mcu.externaltools.gnu-tools-for-stm32.11.3.rel1.win32_1.1.1.202309131626/tools/bin/../lib/gcc/arm-none-eabi/11.3.1/../../../../arm-none-eabi/lib/thumb/v7e-m+fp/hard\libc_nano.a(libc_a-itoa.o)
                0x00000000080036b0                __itoa
 .text.itoa     0x00000000080036e0        0x4 C:/ST/STM32CubeIDE_1.11.0/STM32CubeIDE/plugins/com.st.stm32cube.ide.mcu.externaltools.gnu-tools-for-stm32.11.3.rel1.win32_1.1.1.202309131626/tools/bin/../lib/gcc/arm-none-eabi/11.3.1/../../../../arm-none-eabi/lib/thumb/v7e-m+fp/hard\libc_nano.a(libc_a-itoa.o)
                0x00000000080036e0                itoa
 .text._strtol_l.constprop.0
                0x00000000080036e4      0x104 C:/ST/STM32CubeIDE_1.11.0/STM32CubeIDE/plugins/com.st.stm32cube.ide.mcu.externaltools.gnu-tools-for-stm32.11.3.rel1.win32_1.1.1.202309131626/tools/bin/../lib/gcc/arm-none-eabi/11.3.1/../../../../arm-none-eabi/lib/thumb/v7e-m+fp/hard\libc_nano.a(libc_a-strtol.o)
 .text.strtol   0x00000000080037e8       0x14 C:/ST/STM32CubeIDE_1.11.0/STM32CubeIDE/plugins/com.st.stm32cube.ide.mcu.externaltools.gnu-tools-for-stm32.11.3.rel1.win32_1.1.1.202309131626/tools/bin/../lib/gcc/arm-none-eabi/11.3.1/../../../../arm-none-eabi/lib/thumb/v7e-m+fp/hard\libc_nano.a(libc_a-strtol.o)
                0x00000000080037e8                strtol
 .text.__utoa   0x00000000080037fc       0x84 C:/ST/STM32CubeIDE_1.11.0/STM32CubeIDE/plugins/com.st.stm32cube.ide.mcu.externaltools.gnu-tools-for-stm32.11.3.rel1.win32_1.1.1.202309131626/tools/bin/../lib/gcc/arm-none-eabi/11.3.1/../../../../arm-none-eabi/lib/thumb/v7e-m+fp/hard\libc_nano.a(libc_a-utoa.o)
                0x00000000080037fc                __utoa
 .text.sprintf  0x0000000008003880       0x40 C:/ST/STM32CubeIDE_1.11.0/STM32CubeIDE/plugins/com.st.stm32cube.ide.mcu.externaltools.gnu-tools-for-stm32.11.3.rel1.win32_1.1.1.202309131626/tools/bin/../lib/gcc/arm-none-eabi/11.3.1/../../../../arm-none-eabi/lib/thumb/v7e-m+fp/hard\libc_nano.a(libc_a-sprintf.o)
                0x0000000008003880                siprintf
                0x0000000008003880                sprintf
 .text.memset   0x00000000080038c0       0x10 C:/ST/STM32CubeIDE_1.11.0/STM32CubeIDE/plugins/com.st.stm32cube.ide.mcu.externaltools.gnu-tools-for-stm32.11.3.rel1.win32_1.1.1.202309131626/tools/bin/../lib/gcc/arm-none-eabi/11.3.1/../../../../arm-none-eabi/lib/thumb/v7e-m+fp/hard\libc_nano.a(libc_a-memset.o)
                0x00000000080038c0                memset
 .text.strcat   0x00000000080038d0       0x1e C:/ST/STM32CubeIDE_1.11.0/STM32CubeIDE/plugins/com.st.stm32cube.ide.mcu.externaltools.gnu-tools-for-stm32.11.3.rel1.win32_1.1.1.202309131626/tools/bin/../lib/gcc/arm-none-eabi/11.3.1/../../../../arm-none-eabi/lib/thumb/v7e-m+fp/hard\libc_nano.a(libc_a-strcat.o)
                0x00000000080038d0                strcat
 .text.strchr   0x00000000080038ee       0x1a C:/ST/STM32CubeIDE_1.11.0/STM32CubeIDE/plugins/com.st.stm32cube.ide.mcu.externaltools.gnu-tools-for-stm32.11.3.rel1.win32_1.1.1.202309131626/tools/bin/../lib/gcc/arm-none-eabi/11.3.1/../../../../arm-none-eabi/lib/thumb/v7e-m+fp/hard\libc_nano.a(libc_a-strchr.o)
                0x00000000080038ee                strchr
 .text.strncmp  0x0000000008003908       0x24 C:/ST/STM32CubeIDE_1.11.0/STM32CubeIDE/plugins/com.st.stm32cube.ide.mcu.externaltools.gnu-tools-for-stm32.11.3.rel1.win32_1.1.1.202309131626/tools/bin/../lib/gcc/arm-none-eabi/11.3.1/../../../../arm-none-eabi/lib/thumb/v7e-m+fp/hard\libc_nano.a(libc_a-strncmp.o)
                0x0000000008003908                strncmp
 .text.strncpy  0x000000000800392c       0x26 C:/ST/STM32CubeIDE_1.11.0/STM32CubeIDE/plugins/com.st.stm32cube.ide.mcu.externaltools.gnu-tools-for-stm32.11.3.rel1.win32_1.1.1.202309131626/tools/bin/../lib/gcc/arm-none-eabi/11.3.1/../../../../arm-none-eabi/lib/thumb/v7e-m+fp/hard\libc_nano.a(libc_a-strncpy.o)
                0x000000000800392c                strncpy
 .text.strstr   0x0000000008003952       0x2c C:/ST/STM32CubeIDE_1.11.0/STM32CubeIDE/plugins/com.st.stm32cube.ide.mcu.externaltools.gnu-tools-for-stm32.11.3.rel1.win32_1.1.1.202309131626/tools/bin/../lib/gcc/arm-none-eabi/11.3.1/../../../../arm-none-eabi/lib/thumb/v7e-m+fp/hard\libc_nano.a(libc_a-strstr.o)
                0x0000000008003952                strstr
 *fill*         0x000000000800397e        0x2 
 .text.__errno  0x0000000008003980        0xc C:/ST/STM32CubeIDE_1.11.0/STM32CubeIDE/plugins/com.st.stm32cube.ide.mcu.externaltools.gnu-tools-for-stm32.11.3.rel1.win32_1.1.1.202309131626/tools/bin/../lib/gcc/arm-none-eabi/11.3.1/../../../../arm-none-eabi/lib/thumb/v7e-m+fp/hard\libc_nano.a(libc_a-errno.o)
                0x0000000008003980                __errno
 .text.__libc_init_array
                0x000000000800398c       0x48 C:/ST/STM32CubeIDE_1.11.0/STM32CubeIDE/plugins/com.st.stm32cube.ide.mcu.externaltools.gnu-tools-for-stm32.11.3.rel1.win32_1.1.1.202309131626/tools/bin/../lib/gcc/arm-none-eabi/11.3.1/../../../../arm-none-eabi/lib/thumb/v7e-m+fp/hard\libc_nano.a(libc_a-init.o)
                0x000000000800398c                __libc_init_array
 .text.__retarget_lock_acquire_recursive
                0x00000000080039d4        0x2 C:/ST/STM32CubeIDE_1.11.0/STM32CubeIDE/plugins/com.st.stm32cube.ide.mcu.externaltools.gnu-tools-for-stm32.11.3.rel1.win32_1.1.1.202309131626/tools/bin/../lib/gcc/arm-none-eabi/11.3.1/../../../../arm-none-eabi/lib/thumb/v7e-m+fp/hard\libc_nano.a(libc_a-lock.o)
                0x00000000080039d4                __retarget_lock_acquire_recursive
 .text.__retarget_lock_release_recursive
                0x00000000080039d6        0x2 C:/ST/STM32CubeIDE_1.11.0/STM32CubeIDE/plugins/com.st.stm32cube.ide.mcu.externaltools.gnu-tools-for-stm32.11.3.rel1.win32_1.1.1.202309131626/tools/bin/../lib/gcc/arm-none-eabi/11.3.1/../../../../arm-none-eabi/lib/thumb/v7e-m+fp/hard\libc_nano.a(libc_a-lock.o)
                0x00000000080039d6                __retarget_lock_release_recursive
 .text.strcpy   0x00000000080039d8       0x10 C:/ST/STM32CubeIDE_1.11.0/STM32CubeIDE/plugins/com.st.stm32cube.ide.mcu.externaltools.gnu-tools-for-stm32.11.3.rel1.win32_1.1.1.202309131626/tools/bin/../lib/gcc/arm-none-eabi/11.3.1/../../../../arm-none-eabi/lib/thumb/v7e-m+fp/hard\libc_nano.a(libc_a-strcpy.o)
                0x00000000080039d8                strcpy
 .text._free_r  0x00000000080039e8       0x98 C:/ST/STM32CubeIDE_1.11.0/STM32CubeIDE/plugins/com.st.stm32cube.ide.mcu.externaltools.gnu-tools-for-stm32.11.3.rel1.win32_1.1.1.202309131626/tools/bin/../lib/gcc/arm-none-eabi/11.3.1/../../../../arm-none-eabi/lib/thumb/v7e-m+fp/hard\libc_nano.a(libc_a-freer.o)
                0x00000000080039e8                _free_r
 .text.sbrk_aligned
                0x0000000008003a80       0x40 C:/ST/STM32CubeIDE_1.11.0/STM32CubeIDE/plugins/com.st.stm32cube.ide.mcu.externaltools.gnu-tools-for-stm32.11.3.rel1.win32_1.1.1.202309131626/tools/bin/../lib/gcc/arm-none-eabi/11.3.1/../../../../arm-none-eabi/lib/thumb/v7e-m+fp/hard\libc_nano.a(libc_a-mallocr.o)
 .text._malloc_r
                0x0000000008003ac0      0x100 C:/ST/STM32CubeIDE_1.11.0/STM32CubeIDE/plugins/com.st.stm32cube.ide.mcu.externaltools.gnu-tools-for-stm32.11.3.rel1.win32_1.1.1.202309131626/tools/bin/../lib/gcc/arm-none-eabi/11.3.1/../../../../arm-none-eabi/lib/thumb/v7e-m+fp/hard\libc_nano.a(libc_a-mallocr.o)
                0x0000000008003ac0                _malloc_r
 .text.__malloc_lock
                0x0000000008003bc0        0xc C:/ST/STM32CubeIDE_1.11.0/STM32CubeIDE/plugins/com.st.stm32cube.ide.mcu.externaltools.gnu-tools-for-stm32.11.3.rel1.win32_1.1.1.202309131626/tools/bin/../lib/gcc/arm-none-eabi/11.3.1/../../../../arm-none-eabi/lib/thumb/v7e-m+fp/hard\libc_nano.a(libc_a-mlock.o)
                0x0000000008003bc0                __malloc_lock
 .text.__malloc_unlock
                0x0000000008003bcc        0xc C:/ST/STM32CubeIDE_1.11.0/STM32CubeIDE/plugins/com.st.stm32cube.ide.mcu.externaltools.gnu-tools-for-stm32.11.3.rel1.win32_1.1.1.202309131626/tools/bin/../lib/gcc/arm-none-eabi/11.3.1/../../../../arm-none-eabi/lib/thumb/v7e-m+fp/hard\libc_nano.a(libc_a-mlock.o)
                0x0000000008003bcc                __malloc_unlock
 .text.__ssputs_r
                0x0000000008003bd8       0xb4 C:/ST/STM32CubeIDE_1.11.0/STM32CubeIDE/plugins/com.st.stm32cube.ide.mcu.externaltools.gnu-tools-for-stm32.11.3.rel1.win32_1.1.1.202309131626/tools/bin/../lib/gcc/arm-none-eabi/11.3.1/../../../../arm-none-eabi/lib/thumb/v7e-m+fp/hard\libc_nano.a(libc_a-nano-svfprintf.o)
                0x0000000008003bd8                __ssputs_r
 .text._svfprintf_r
                0x0000000008003c8c      0x1fc C:/ST/STM32CubeIDE_1.11.0/STM32CubeIDE/plugins/com.st.stm32cube.ide.mcu.externaltools.gnu-tools-for-stm32.11.3.rel1.win32_1.1.1.202309131626/tools/bin/../lib/gcc/arm-none-eabi/11.3.1/../../../../arm-none-eabi/lib/thumb/v7e-m+fp/hard\libc_nano.a(libc_a-nano-svfprintf.o)
                0x0000000008003c8c                _svfiprintf_r
                0x0000000008003c8c                _svfprintf_r
 .text._printf_common
                0x0000000008003e88       0xda C:/ST/STM32CubeIDE_1.11.0/STM32CubeIDE/plugins/com.st.stm32cube.ide.mcu.externaltools.gnu-tools-for-stm32.11.3.rel1.win32_1.1.1.202309131626/tools/bin/../lib/gcc/arm-none-eabi/11.3.1/../../../../arm-none-eabi/lib/thumb/v7e-m+fp/hard\libc_nano.a(libc_a-nano-vfprintf_i.o)
                0x0000000008003e88                _printf_common
 *fill*         0x0000000008003f62        0x2 
 .text._printf_i
                0x0000000008003f64      0x244 C:/ST/STM32CubeIDE_1.11.0/STM32CubeIDE/plugins/com.st.stm32cube.ide.mcu.externaltools.gnu-tools-for-stm32.11.3.rel1.win32_1.1.1.202309131626/tools/bin/../lib/gcc/arm-none-eabi/11.3.1/../../../../arm-none-eabi/lib/thumb/v7e-m+fp/hard\libc_nano.a(libc_a-nano-vfprintf_i.o)
                0x0000000008003f64                _printf_i
 .text.memmove  0x00000000080041a8       0x34 C:/ST/STM32CubeIDE_1.11.0/STM32CubeIDE/plugins/com.st.stm32cube.ide.mcu.externaltools.gnu-tools-for-stm32.11.3.rel1.win32_1.1.1.202309131626/tools/bin/../lib/gcc/arm-none-eabi/11.3.1/../../../../arm-none-eabi/lib/thumb/v7e-m+fp/hard\libc_nano.a(libc_a-memmove.o)
                0x00000000080041a8                memmove
 .text._sbrk_r  0x00000000080041dc       0x20 C:/ST/STM32CubeIDE_1.11.0/STM32CubeIDE/plugins/com.st.stm32cube.ide.mcu.externaltools.gnu-tools-for-stm32.11.3.rel1.win32_1.1.1.202309131626/tools/bin/../lib/gcc/arm-none-eabi/11.3.1/../../../../arm-none-eabi/lib/thumb/v7e-m+fp/hard\libc_nano.a(libc_a-sbrkr.o)
                0x00000000080041dc                _sbrk_r
 .text.memcpy   0x00000000080041fc       0x1c C:/ST/STM32CubeIDE_1.11.0/STM32CubeIDE/plugins/com.st.stm32cube.ide.mcu.externaltools.gnu-tools-for-stm32.11.3.rel1.win32_1.1.1.202309131626/tools/bin/../lib/gcc/arm-none-eabi/11.3.1/../../../../arm-none-eabi/lib/thumb/v7e-m+fp/hard\libc_nano.a(libc_a-memcpy-stub.o)
                0x00000000080041fc                memcpy
 .text._realloc_r
                0x0000000008004218       0x5e C:/ST/STM32CubeIDE_1.11.0/STM32CubeIDE/plugins/com.st.stm32cube.ide.mcu.externaltools.gnu-tools-for-stm32.11.3.rel1.win32_1.1.1.202309131626/tools/bin/../lib/gcc/arm-none-eabi/11.3.1/../../../../arm-none-eabi/lib/thumb/v7e-m+fp/hard\libc_nano.a(libc_a-reallocr.o)
                0x0000000008004218                _realloc_r
 .text._malloc_usable_size_r
                0x0000000008004276       0x10 C:/ST/STM32CubeIDE_1.11.0/STM32CubeIDE/plugins/com.st.stm32cube.ide.mcu.externaltools.gnu-tools-for-stm32.11.3.rel1.win32_1.1.1.202309131626/tools/bin/../lib/gcc/arm-none-eabi/11.3.1/../../../../arm-none-eabi/lib/thumb/v7e-m+fp/hard\libc_nano.a(libc_a-msizer.o)
                0x0000000008004276                _malloc_usable_size_r
 *(.glue_7)
 .glue_7        0x0000000008004286        0x0 linker stubs
 *(.glue_7t)
 .glue_7t       0x0000000008004286        0x0 linker stubs
 *(.eh_frame)
 *fill*         0x0000000008004286        0x2 
 .eh_frame      0x0000000008004288        0x0 C:/ST/STM32CubeIDE_1.11.0/STM32CubeIDE/plugins/com.st.stm32cube.ide.mcu.externaltools.gnu-tools-for-stm32.11.3.rel1.win32_1.1.1.202309131626/tools/bin/../lib/gcc/arm-none-eabi/11.3.1/thumb/v7e-m+fp/hard/crtbegin.o
 *(.init)
 .init          0x0000000008004288        0x4 C:/ST/STM32CubeIDE_1.11.0/STM32CubeIDE/plugins/com.st.stm32cube.ide.mcu.externaltools.gnu-tools-for-stm32.11.3.rel1.win32_1.1.1.202309131626/tools/bin/../lib/gcc/arm-none-eabi/11.3.1/thumb/v7e-m+fp/hard/crti.o
                0x0000000008004288                _init
 .init          0x000000000800428c        0x8 C:/ST/STM32CubeIDE_1.11.0/STM32CubeIDE/plugins/com.st.stm32cube.ide.mcu.externaltools.gnu-tools-for-stm32.11.3.rel1.win32_1.1.1.202309131626/tools/bin/../lib/gcc/arm-none-eabi/11.3.1/thumb/v7e-m+fp/hard/crtn.o
 *(.fini)
 .fini          0x0000000008004294        0x4 C:/ST/STM32CubeIDE_1.11.0/STM32CubeIDE/plugins/com.st.stm32cube.ide.mcu.externaltools.gnu-tools-for-stm32.11.3.rel1.win32_1.1.1.202309131626/tools/bin/../lib/gcc/arm-none-eabi/11.3.1/thumb/v7e-m+fp/hard/crti.o
                0x0000000008004294                _fini
 .fini          0x0000000008004298        0x8 C:/ST/STM32CubeIDE_1.11.0/STM32CubeIDE/plugins/com.st.stm32cube.ide.mcu.externaltools.gnu-tools-for-stm32.11.3.rel1.win32_1.1.1.202309131626/tools/bin/../lib/gcc/arm-none-eabi/11.3.1/thumb/v7e-m+fp/hard/crtn.o
                0x00000000080042a0                . = ALIGN (0x4)
                0x00000000080042a0                _etext = .

.vfp11_veneer   0x00000000080042a0        0x0
 .vfp11_veneer  0x00000000080042a0        0x0 linker stubs

.v4_bx          0x00000000080042a0        0x0
 .v4_bx         0x00000000080042a0        0x0 linker stubs

.iplt           0x00000000080042a0        0x0
 .iplt          0x00000000080042a0        0x0 C:/ST/STM32CubeIDE_1.11.0/STM32CubeIDE/plugins/com.st.stm32cube.ide.mcu.externaltools.gnu-tools-for-stm32.11.3.rel1.win32_1.1.1.202309131626/tools/bin/../lib/gcc/arm-none-eabi/11.3.1/thumb/v7e-m+fp/hard/crtbegin.o

.rodata         0x00000000080042a0      0x27c
                0x00000000080042a0                . = ALIGN (0x4)
 *(.rodata)
 .rodata        0x00000000080042a0       0x5b ./Core/Src/main.o
 *fill*         0x00000000080042fb        0x1 
 .rodata        0x00000000080042fc       0xaa ./Core/Src/sim800.o
 *(.rodata*)
 *fill*         0x00000000080043a6        0x2 
 .rodata.AHBPrescTable
                0x00000000080043a8       0x10 ./Core/Src/system_stm32f4xx.o
                0x00000000080043a8                AHBPrescTable
 .rodata.APBPrescTable
                0x00000000080043b8        0x8 ./Core/Src/system_stm32f4xx.o
                0x00000000080043b8                APBPrescTable
 .rodata.__utoa.str1.1
                0x00000000080043c0       0x25 C:/ST/STM32CubeIDE_1.11.0/STM32CubeIDE/plugins/com.st.stm32cube.ide.mcu.externaltools.gnu-tools-for-stm32.11.3.rel1.win32_1.1.1.202309131626/tools/bin/../lib/gcc/arm-none-eabi/11.3.1/../../../../arm-none-eabi/lib/thumb/v7e-m+fp/hard\libc_nano.a(libc_a-utoa.o)
 .rodata._ctype_
                0x00000000080043e5      0x101 C:/ST/STM32CubeIDE_1.11.0/STM32CubeIDE/plugins/com.st.stm32cube.ide.mcu.externaltools.gnu-tools-for-stm32.11.3.rel1.win32_1.1.1.202309131626/tools/bin/../lib/gcc/arm-none-eabi/11.3.1/../../../../arm-none-eabi/lib/thumb/v7e-m+fp/hard\libc_nano.a(libc_a-ctype_.o)
                0x00000000080043e5                _ctype_
 .rodata._svfprintf_r.str1.1
                0x00000000080044e6       0x11 C:/ST/STM32CubeIDE_1.11.0/STM32CubeIDE/plugins/com.st.stm32cube.ide.mcu.externaltools.gnu-tools-for-stm32.11.3.rel1.win32_1.1.1.202309131626/tools/bin/../lib/gcc/arm-none-eabi/11.3.1/../../../../arm-none-eabi/lib/thumb/v7e-m+fp/hard\libc_nano.a(libc_a-nano-svfprintf.o)
 .rodata._printf_i.str1.1
                0x00000000080044f7       0x22 C:/ST/STM32CubeIDE_1.11.0/STM32CubeIDE/plugins/com.st.stm32cube.ide.mcu.externaltools.gnu-tools-for-stm32.11.3.rel1.win32_1.1.1.202309131626/tools/bin/../lib/gcc/arm-none-eabi/11.3.1/../../../../arm-none-eabi/lib/thumb/v7e-m+fp/hard\libc_nano.a(libc_a-nano-vfprintf_i.o)
                0x000000000800451c                . = ALIGN (0x4)
 *fill*         0x0000000008004519        0x3 

.ARM.extab      0x000000000800451c        0x0
                0x000000000800451c                . = ALIGN (0x4)
 *(.ARM.extab* .gnu.linkonce.armextab.*)
                0x000000000800451c                . = ALIGN (0x4)

.ARM            0x000000000800451c        0x8
                0x000000000800451c                . = ALIGN (0x4)
                0x000000000800451c                __exidx_start = .
 *(.ARM.exidx*)
 .ARM.exidx     0x000000000800451c        0x8 C:/ST/STM32CubeIDE_1.11.0/STM32CubeIDE/plugins/com.st.stm32cube.ide.mcu.externaltools.gnu-tools-for-stm32.11.3.rel1.win32_1.1.1.202309131626/tools/bin/../lib/gcc/arm-none-eabi/11.3.1/thumb/v7e-m+fp/hard\libgcc.a(_udivmoddi4.o)
                0x0000000008004524                __exidx_end = .
                0x0000000008004524                . = ALIGN (0x4)

.rel.dyn        0x0000000008004524        0x0
 .rel.iplt      0x0000000008004524        0x0 C:/ST/STM32CubeIDE_1.11.0/STM32CubeIDE/plugins/com.st.stm32cube.ide.mcu.externaltools.gnu-tools-for-stm32.11.3.rel1.win32_1.1.1.202309131626/tools/bin/../lib/gcc/arm-none-eabi/11.3.1/thumb/v7e-m+fp/hard/crtbegin.o

.preinit_array  0x0000000008004524        0x0
                0x0000000008004524                . = ALIGN (0x4)
                0x0000000008004524                PROVIDE (__preinit_array_start = .)
 *(.preinit_array*)
                0x0000000008004524                PROVIDE (__preinit_array_end = .)
                0x0000000008004524                . = ALIGN (0x4)

.init_array     0x0000000008004524        0x4
                0x0000000008004524                . = ALIGN (0x4)
                0x0000000008004524                PROVIDE (__init_array_start = .)
 *(SORT_BY_NAME(.init_array.*))
 *(.init_array*)
 .init_array    0x0000000008004524        0x4 C:/ST/STM32CubeIDE_1.11.0/STM32CubeIDE/plugins/com.st.stm32cube.ide.mcu.externaltools.gnu-tools-for-stm32.11.3.rel1.win32_1.1.1.202309131626/tools/bin/../lib/gcc/arm-none-eabi/11.3.1/thumb/v7e-m+fp/hard/crtbegin.o
                0x0000000008004528                PROVIDE (__init_array_end = .)
                0x0000000008004528                . = ALIGN (0x4)

.fini_array     0x0000000008004528        0x4
                0x0000000008004528                . = ALIGN (0x4)
                [!provide]                        PROVIDE (__fini_array_start = .)
 *(SORT_BY_NAME(.fini_array.*))
 *(.fini_array*)
 .fini_array    0x0000000008004528        0x4 C:/ST/STM32CubeIDE_1.11.0/STM32CubeIDE/plugins/com.st.stm32cube.ide.mcu.externaltools.gnu-tools-for-stm32.11.3.rel1.win32_1.1.1.202309131626/tools/bin/../lib/gcc/arm-none-eabi/11.3.1/thumb/v7e-m+fp/hard/crtbegin.o
                [!provide]                        PROVIDE (__fini_array_end = .)
                0x000000000800452c                . = ALIGN (0x4)
                0x000000000800452c                _sidata = LOADADDR (.data)

.data           0x0000000020000000       0x64 load address 0x000000000800452c
                0x0000000020000000                . = ALIGN (0x4)
                0x0000000020000000                _sdata = .
 *(.data)
 *(.data*)
 .data.sim800_uart
                0x0000000020000000        0x4 ./Core/Src/main.o
                0x0000000020000000                sim800_uart
 .data.index.0  0x0000000020000004        0x4 ./Core/Src/sim800.o
 .data.SystemCoreClock
                0x0000000020000008        0x4 ./Core/Src/system_stm32f4xx.o
                0x0000000020000008                SystemCoreClock
 .data.uwTickPrio
                0x000000002000000c        0x4 ./Drivers/STM32F4xx_HAL_Driver/Src/stm32f4xx_hal.o
                0x000000002000000c                uwTickPrio
 .data.uwTickFreq
                0x0000000020000010        0x1 ./Drivers/STM32F4xx_HAL_Driver/Src/stm32f4xx_hal.o
                0x0000000020000010                uwTickFreq
 *fill*         0x0000000020000011        0x3 
 .data._impure_data
                0x0000000020000014       0x4c C:/ST/STM32CubeIDE_1.11.0/STM32CubeIDE/plugins/com.st.stm32cube.ide.mcu.externaltools.gnu-tools-for-stm32.11.3.rel1.win32_1.1.1.202309131626/tools/bin/../lib/gcc/arm-none-eabi/11.3.1/../../../../arm-none-eabi/lib/thumb/v7e-m+fp/hard\libc_nano.a(libc_a-impure.o)
                0x0000000020000014                _impure_data
 .data._impure_ptr
                0x0000000020000060        0x4 C:/ST/STM32CubeIDE_1.11.0/STM32CubeIDE/plugins/com.st.stm32cube.ide.mcu.externaltools.gnu-tools-for-stm32.11.3.rel1.win32_1.1.1.202309131626/tools/bin/../lib/gcc/arm-none-eabi/11.3.1/../../../../arm-none-eabi/lib/thumb/v7e-m+fp/hard\libc_nano.a(libc_a-impure.o)
                0x0000000020000060                _impure_ptr
 *(.RamFunc)
 *(.RamFunc*)
                0x0000000020000064                . = ALIGN (0x4)
                0x0000000020000064                _edata = .

.igot.plt       0x0000000020000064        0x0 load address 0x0000000008004590
 .igot.plt      0x0000000020000064        0x0 C:/ST/STM32CubeIDE_1.11.0/STM32CubeIDE/plugins/com.st.stm32cube.ide.mcu.externaltools.gnu-tools-for-stm32.11.3.rel1.win32_1.1.1.202309131626/tools/bin/../lib/gcc/arm-none-eabi/11.3.1/thumb/v7e-m+fp/hard/crtbegin.o
                0x0000000020000064                . = ALIGN (0x4)

.bss            0x0000000020000064      0x768 load address 0x0000000008004590
                0x0000000020000064                _sbss = .
                0x0000000020000064                __bss_start__ = _sbss
 *(.bss)
 .bss           0x0000000020000064       0x1c C:/ST/STM32CubeIDE_1.11.0/STM32CubeIDE/plugins/com.st.stm32cube.ide.mcu.externaltools.gnu-tools-for-stm32.11.3.rel1.win32_1.1.1.202309131626/tools/bin/../lib/gcc/arm-none-eabi/11.3.1/thumb/v7e-m+fp/hard/crtbegin.o
 *(.bss*)
 .bss.huart2    0x0000000020000080       0x44 ./Core/Src/main.o
                0x0000000020000080                huart2
 .bss.sim800h   0x00000000200000c4      0x550 ./Core/Src/main.o
                0x00000000200000c4                sim800h
 .bss.flag      0x0000000020000614        0x1 ./Core/Src/main.o
                0x0000000020000614                flag
 *fill*         0x0000000020000615        0x3 
 .bss.sms_buff  0x0000000020000618       0x64 ./Core/Src/main.o
                0x0000000020000618                sms_buff
 .bss.__sbrk_heap_end
                0x000000002000067c        0x4 ./Core/Src/sysmem.o
 .bss.uwTick    0x0000000020000680        0x4 ./Drivers/STM32F4xx_HAL_Driver/Src/stm32f4xx_hal.o
                0x0000000020000680                uwTick
 .bss.__sf      0x0000000020000684      0x138 C:/ST/STM32CubeIDE_1.11.0/STM32CubeIDE/plugins/com.st.stm32cube.ide.mcu.externaltools.gnu-tools-for-stm32.11.3.rel1.win32_1.1.1.202309131626/tools/bin/../lib/gcc/arm-none-eabi/11.3.1/../../../../arm-none-eabi/lib/thumb/v7e-m+fp/hard\libc_nano.a(libc_a-findfp.o)
                0x0000000020000684                __sf
 .bss.errno     0x00000000200007bc        0x4 C:/ST/STM32CubeIDE_1.11.0/STM32CubeIDE/plugins/com.st.stm32cube.ide.mcu.externaltools.gnu-tools-for-stm32.11.3.rel1.win32_1.1.1.202309131626/tools/bin/../lib/gcc/arm-none-eabi/11.3.1/../../../../arm-none-eabi/lib/thumb/v7e-m+fp/hard\libc_nano.a(libc_a-reent.o)
                0x00000000200007bc                errno
 .bss.__lock___malloc_recursive_mutex
                0x00000000200007c0        0x1 C:/ST/STM32CubeIDE_1.11.0/STM32CubeIDE/plugins/com.st.stm32cube.ide.mcu.externaltools.gnu-tools-for-stm32.11.3.rel1.win32_1.1.1.202309131626/tools/bin/../lib/gcc/arm-none-eabi/11.3.1/../../../../arm-none-eabi/lib/thumb/v7e-m+fp/hard\libc_nano.a(libc_a-lock.o)
                0x00000000200007c0                __lock___malloc_recursive_mutex
 *fill*         0x00000000200007c1        0x3 
 .bss.__malloc_free_list
                0x00000000200007c4        0x4 C:/ST/STM32CubeIDE_1.11.0/STM32CubeIDE/plugins/com.st.stm32cube.ide.mcu.externaltools.gnu-tools-for-stm32.11.3.rel1.win32_1.1.1.202309131626/tools/bin/../lib/gcc/arm-none-eabi/11.3.1/../../../../arm-none-eabi/lib/thumb/v7e-m+fp/hard\libc_nano.a(libc_a-mallocr.o)
                0x00000000200007c4                __malloc_free_list
 .bss.__malloc_sbrk_start
                0x00000000200007c8        0x4 C:/ST/STM32CubeIDE_1.11.0/STM32CubeIDE/plugins/com.st.stm32cube.ide.mcu.externaltools.gnu-tools-for-stm32.11.3.rel1.win32_1.1.1.202309131626/tools/bin/../lib/gcc/arm-none-eabi/11.3.1/../../../../arm-none-eabi/lib/thumb/v7e-m+fp/hard\libc_nano.a(libc_a-mallocr.o)
                0x00000000200007c8                __malloc_sbrk_start
 *(COMMON)
                0x00000000200007cc                . = ALIGN (0x4)
                0x00000000200007cc                _ebss = .
                0x00000000200007cc                __bss_end__ = _ebss

._user_heap_stack
                0x00000000200007cc      0x604 load address 0x0000000008004590
                0x00000000200007d0                . = ALIGN (0x8)
 *fill*         0x00000000200007cc        0x4 
                [!provide]                        PROVIDE (end = .)
                0x00000000200007d0                PROVIDE (_end = .)
                0x00000000200009d0                . = (. + _Min_Heap_Size)
 *fill*         0x00000000200007d0      0x200 
                0x0000000020000dd0                . = (. + _Min_Stack_Size)
 *fill*         0x00000000200009d0      0x400 
                0x0000000020000dd0                . = ALIGN (0x8)

/DISCARD/
 libc.a(*)
 libm.a(*)
 libgcc.a(*)

.ARM.attributes
                0x0000000000000000       0x30
 *(.ARM.attributes)
 .ARM.attributes
                0x0000000000000000       0x1e C:/ST/STM32CubeIDE_1.11.0/STM32CubeIDE/plugins/com.st.stm32cube.ide.mcu.externaltools.gnu-tools-for-stm32.11.3.rel1.win32_1.1.1.202309131626/tools/bin/../lib/gcc/arm-none-eabi/11.3.1/thumb/v7e-m+fp/hard/crti.o
 .ARM.attributes
                0x000000000000001e       0x34 C:/ST/STM32CubeIDE_1.11.0/STM32CubeIDE/plugins/com.st.stm32cube.ide.mcu.externaltools.gnu-tools-for-stm32.11.3.rel1.win32_1.1.1.202309131626/tools/bin/../lib/gcc/arm-none-eabi/11.3.1/thumb/v7e-m+fp/hard/crtbegin.o
 .ARM.attributes
                0x0000000000000052       0x34 ./Core/Src/main.o
 .ARM.attributes
                0x0000000000000086       0x34 ./Core/Src/sim800.o
 .ARM.attributes
                0x00000000000000ba       0x34 ./Core/Src/stm32f4xx_hal_msp.o
 .ARM.attributes
                0x00000000000000ee       0x34 ./Core/Src/stm32f4xx_it.o
 .ARM.attributes
                0x0000000000000122       0x34 ./Core/Src/sysmem.o
 .ARM.attributes
                0x0000000000000156       0x34 ./Core/Src/system_stm32f4xx.o
 .ARM.attributes
                0x000000000000018a       0x21 ./Core/Startup/startup_stm32f401ccux.o
 .ARM.attributes
                0x00000000000001ab       0x34 ./Drivers/STM32F4xx_HAL_Driver/Src/stm32f4xx_hal.o
 .ARM.attributes
                0x00000000000001df       0x34 ./Drivers/STM32F4xx_HAL_Driver/Src/stm32f4xx_hal_cortex.o
 .ARM.attributes
                0x0000000000000213       0x34 ./Drivers/STM32F4xx_HAL_Driver/Src/stm32f4xx_hal_dma.o
 .ARM.attributes
                0x0000000000000247       0x34 ./Drivers/STM32F4xx_HAL_Driver/Src/stm32f4xx_hal_gpio.o
 .ARM.attributes
                0x000000000000027b       0x34 ./Drivers/STM32F4xx_HAL_Driver/Src/stm32f4xx_hal_rcc.o
 .ARM.attributes
                0x00000000000002af       0x34 ./Drivers/STM32F4xx_HAL_Driver/Src/stm32f4xx_hal_uart.o
 .ARM.attributes
                0x00000000000002e3       0x34 C:/ST/STM32CubeIDE_1.11.0/STM32CubeIDE/plugins/com.st.stm32cube.ide.mcu.externaltools.gnu-tools-for-stm32.11.3.rel1.win32_1.1.1.202309131626/tools/bin/../lib/gcc/arm-none-eabi/11.3.1/../../../../arm-none-eabi/lib/thumb/v7e-m+fp/hard\libc_nano.a(libc_a-itoa.o)
 .ARM.attributes
                0x0000000000000317       0x34 C:/ST/STM32CubeIDE_1.11.0/STM32CubeIDE/plugins/com.st.stm32cube.ide.mcu.externaltools.gnu-tools-for-stm32.11.3.rel1.win32_1.1.1.202309131626/tools/bin/../lib/gcc/arm-none-eabi/11.3.1/../../../../arm-none-eabi/lib/thumb/v7e-m+fp/hard\libc_nano.a(libc_a-strtol.o)
 .ARM.attributes
                0x000000000000034b       0x34 C:/ST/STM32CubeIDE_1.11.0/STM32CubeIDE/plugins/com.st.stm32cube.ide.mcu.externaltools.gnu-tools-for-stm32.11.3.rel1.win32_1.1.1.202309131626/tools/bin/../lib/gcc/arm-none-eabi/11.3.1/../../../../arm-none-eabi/lib/thumb/v7e-m+fp/hard\libc_nano.a(libc_a-utoa.o)
 .ARM.attributes
                0x000000000000037f       0x34 C:/ST/STM32CubeIDE_1.11.0/STM32CubeIDE/plugins/com.st.stm32cube.ide.mcu.externaltools.gnu-tools-for-stm32.11.3.rel1.win32_1.1.1.202309131626/tools/bin/../lib/gcc/arm-none-eabi/11.3.1/../../../../arm-none-eabi/lib/thumb/v7e-m+fp/hard\libc_nano.a(libc_a-ctype_.o)
 .ARM.attributes
                0x00000000000003b3       0x34 C:/ST/STM32CubeIDE_1.11.0/STM32CubeIDE/plugins/com.st.stm32cube.ide.mcu.externaltools.gnu-tools-for-stm32.11.3.rel1.win32_1.1.1.202309131626/tools/bin/../lib/gcc/arm-none-eabi/11.3.1/../../../../arm-none-eabi/lib/thumb/v7e-m+fp/hard\libc_nano.a(libc_a-findfp.o)
 .ARM.attributes
                0x00000000000003e7       0x34 C:/ST/STM32CubeIDE_1.11.0/STM32CubeIDE/plugins/com.st.stm32cube.ide.mcu.externaltools.gnu-tools-for-stm32.11.3.rel1.win32_1.1.1.202309131626/tools/bin/../lib/gcc/arm-none-eabi/11.3.1/../../../../arm-none-eabi/lib/thumb/v7e-m+fp/hard\libc_nano.a(libc_a-sprintf.o)
 .ARM.attributes
                0x000000000000041b       0x34 C:/ST/STM32CubeIDE_1.11.0/STM32CubeIDE/plugins/com.st.stm32cube.ide.mcu.externaltools.gnu-tools-for-stm32.11.3.rel1.win32_1.1.1.202309131626/tools/bin/../lib/gcc/arm-none-eabi/11.3.1/../../../../arm-none-eabi/lib/thumb/v7e-m+fp/hard\libc_nano.a(libc_a-memset.o)
 .ARM.attributes
                0x000000000000044f       0x34 C:/ST/STM32CubeIDE_1.11.0/STM32CubeIDE/plugins/com.st.stm32cube.ide.mcu.externaltools.gnu-tools-for-stm32.11.3.rel1.win32_1.1.1.202309131626/tools/bin/../lib/gcc/arm-none-eabi/11.3.1/../../../../arm-none-eabi/lib/thumb/v7e-m+fp/hard\libc_nano.a(libc_a-strcat.o)
 .ARM.attributes
                0x0000000000000483       0x34 C:/ST/STM32CubeIDE_1.11.0/STM32CubeIDE/plugins/com.st.stm32cube.ide.mcu.externaltools.gnu-tools-for-stm32.11.3.rel1.win32_1.1.1.202309131626/tools/bin/../lib/gcc/arm-none-eabi/11.3.1/../../../../arm-none-eabi/lib/thumb/v7e-m+fp/hard\libc_nano.a(libc_a-strchr.o)
 .ARM.attributes
                0x00000000000004b7       0x34 C:/ST/STM32CubeIDE_1.11.0/STM32CubeIDE/plugins/com.st.stm32cube.ide.mcu.externaltools.gnu-tools-for-stm32.11.3.rel1.win32_1.1.1.202309131626/tools/bin/../lib/gcc/arm-none-eabi/11.3.1/../../../../arm-none-eabi/lib/thumb/v7e-m+fp/hard\libc_nano.a(libc_a-strncmp.o)
 .ARM.attributes
                0x00000000000004eb       0x34 C:/ST/STM32CubeIDE_1.11.0/STM32CubeIDE/plugins/com.st.stm32cube.ide.mcu.externaltools.gnu-tools-for-stm32.11.3.rel1.win32_1.1.1.202309131626/tools/bin/../lib/gcc/arm-none-eabi/11.3.1/../../../../arm-none-eabi/lib/thumb/v7e-m+fp/hard\libc_nano.a(libc_a-strncpy.o)
 .ARM.attributes
                0x000000000000051f       0x34 C:/ST/STM32CubeIDE_1.11.0/STM32CubeIDE/plugins/com.st.stm32cube.ide.mcu.externaltools.gnu-tools-for-stm32.11.3.rel1.win32_1.1.1.202309131626/tools/bin/../lib/gcc/arm-none-eabi/11.3.1/../../../../arm-none-eabi/lib/thumb/v7e-m+fp/hard\libc_nano.a(libc_a-strstr.o)
 .ARM.attributes
                0x0000000000000553       0x34 C:/ST/STM32CubeIDE_1.11.0/STM32CubeIDE/plugins/com.st.stm32cube.ide.mcu.externaltools.gnu-tools-for-stm32.11.3.rel1.win32_1.1.1.202309131626/tools/bin/../lib/gcc/arm-none-eabi/11.3.1/../../../../arm-none-eabi/lib/thumb/v7e-m+fp/hard\libc_nano.a(libc_a-reent.o)
 .ARM.attributes
                0x0000000000000587       0x34 C:/ST/STM32CubeIDE_1.11.0/STM32CubeIDE/plugins/com.st.stm32cube.ide.mcu.externaltools.gnu-tools-for-stm32.11.3.rel1.win32_1.1.1.202309131626/tools/bin/../lib/gcc/arm-none-eabi/11.3.1/../../../../arm-none-eabi/lib/thumb/v7e-m+fp/hard\libc_nano.a(libc_a-impure.o)
 .ARM.attributes
                0x00000000000005bb       0x34 C:/ST/STM32CubeIDE_1.11.0/STM32CubeIDE/plugins/com.st.stm32cube.ide.mcu.externaltools.gnu-tools-for-stm32.11.3.rel1.win32_1.1.1.202309131626/tools/bin/../lib/gcc/arm-none-eabi/11.3.1/../../../../arm-none-eabi/lib/thumb/v7e-m+fp/hard\libc_nano.a(libc_a-errno.o)
 .ARM.attributes
                0x00000000000005ef       0x34 C:/ST/STM32CubeIDE_1.11.0/STM32CubeIDE/plugins/com.st.stm32cube.ide.mcu.externaltools.gnu-tools-for-stm32.11.3.rel1.win32_1.1.1.202309131626/tools/bin/../lib/gcc/arm-none-eabi/11.3.1/../../../../arm-none-eabi/lib/thumb/v7e-m+fp/hard\libc_nano.a(libc_a-init.o)
 .ARM.attributes
                0x0000000000000623       0x34 C:/ST/STM32CubeIDE_1.11.0/STM32CubeIDE/plugins/com.st.stm32cube.ide.mcu.externaltools.gnu-tools-for-stm32.11.3.rel1.win32_1.1.1.202309131626/tools/bin/../lib/gcc/arm-none-eabi/11.3.1/../../../../arm-none-eabi/lib/thumb/v7e-m+fp/hard\libc_nano.a(libc_a-lock.o)
 .ARM.attributes
                0x0000000000000657       0x1c C:/ST/STM32CubeIDE_1.11.0/STM32CubeIDE/plugins/com.st.stm32cube.ide.mcu.externaltools.gnu-tools-for-stm32.11.3.rel1.win32_1.1.1.202309131626/tools/bin/../lib/gcc/arm-none-eabi/11.3.1/../../../../arm-none-eabi/lib/thumb/v7e-m+fp/hard\libc_nano.a(libc_a-strcmp.o)
 .ARM.attributes
                0x0000000000000673       0x34 C:/ST/STM32CubeIDE_1.11.0/STM32CubeIDE/plugins/com.st.stm32cube.ide.mcu.externaltools.gnu-tools-for-stm32.11.3.rel1.win32_1.1.1.202309131626/tools/bin/../lib/gcc/arm-none-eabi/11.3.1/../../../../arm-none-eabi/lib/thumb/v7e-m+fp/hard\libc_nano.a(libc_a-strcpy.o)
 .ARM.attributes
                0x00000000000006a7       0x17 C:/ST/STM32CubeIDE_1.11.0/STM32CubeIDE/plugins/com.st.stm32cube.ide.mcu.externaltools.gnu-tools-for-stm32.11.3.rel1.win32_1.1.1.202309131626/tools/bin/../lib/gcc/arm-none-eabi/11.3.1/../../../../arm-none-eabi/lib/thumb/v7e-m+fp/hard\libc_nano.a(libc_a-strlen.o)
 .ARM.attributes
                0x00000000000006be       0x34 C:/ST/STM32CubeIDE_1.11.0/STM32CubeIDE/plugins/com.st.stm32cube.ide.mcu.externaltools.gnu-tools-for-stm32.11.3.rel1.win32_1.1.1.202309131626/tools/bin/../lib/gcc/arm-none-eabi/11.3.1/../../../../arm-none-eabi/lib/thumb/v7e-m+fp/hard\libc_nano.a(libc_a-freer.o)
 .ARM.attributes
                0x00000000000006f2       0x34 C:/ST/STM32CubeIDE_1.11.0/STM32CubeIDE/plugins/com.st.stm32cube.ide.mcu.externaltools.gnu-tools-for-stm32.11.3.rel1.win32_1.1.1.202309131626/tools/bin/../lib/gcc/arm-none-eabi/11.3.1/../../../../arm-none-eabi/lib/thumb/v7e-m+fp/hard\libc_nano.a(libc_a-mallocr.o)
 .ARM.attributes
                0x0000000000000726       0x34 C:/ST/STM32CubeIDE_1.11.0/STM32CubeIDE/plugins/com.st.stm32cube.ide.mcu.externaltools.gnu-tools-for-stm32.11.3.rel1.win32_1.1.1.202309131626/tools/bin/../lib/gcc/arm-none-eabi/11.3.1/../../../../arm-none-eabi/lib/thumb/v7e-m+fp/hard\libc_nano.a(libc_a-mlock.o)
 .ARM.attributes
                0x000000000000075a       0x34 C:/ST/STM32CubeIDE_1.11.0/STM32CubeIDE/plugins/com.st.stm32cube.ide.mcu.externaltools.gnu-tools-for-stm32.11.3.rel1.win32_1.1.1.202309131626/tools/bin/../lib/gcc/arm-none-eabi/11.3.1/../../../../arm-none-eabi/lib/thumb/v7e-m+fp/hard\libc_nano.a(libc_a-nano-svfprintf.o)
 .ARM.attributes
                0x000000000000078e       0x34 C:/ST/STM32CubeIDE_1.11.0/STM32CubeIDE/plugins/com.st.stm32cube.ide.mcu.externaltools.gnu-tools-for-stm32.11.3.rel1.win32_1.1.1.202309131626/tools/bin/../lib/gcc/arm-none-eabi/11.3.1/../../../../arm-none-eabi/lib/thumb/v7e-m+fp/hard\libc_nano.a(libc_a-nano-vfprintf_i.o)
 .ARM.attributes
                0x00000000000007c2       0x34 C:/ST/STM32CubeIDE_1.11.0/STM32CubeIDE/plugins/com.st.stm32cube.ide.mcu.externaltools.gnu-tools-for-stm32.11.3.rel1.win32_1.1.1.202309131626/tools/bin/../lib/gcc/arm-none-eabi/11.3.1/../../../../arm-none-eabi/lib/thumb/v7e-m+fp/hard\libc_nano.a(libc_a-memmove.o)
 .ARM.attributes
                0x00000000000007f6       0x34 C:/ST/STM32CubeIDE_1.11.0/STM32CubeIDE/plugins/com.st.stm32cube.ide.mcu.externaltools.gnu-tools-for-stm32.11.3.rel1.win32_1.1.1.202309131626/tools/bin/../lib/gcc/arm-none-eabi/11.3.1/../../../../arm-none-eabi/lib/thumb/v7e-m+fp/hard\libc_nano.a(libc_a-sbrkr.o)
 .ARM.attributes
                0x000000000000082a       0x1c C:/ST/STM32CubeIDE_1.11.0/STM32CubeIDE/plugins/com.st.stm32cube.ide.mcu.externaltools.gnu-tools-for-stm32.11.3.rel1.win32_1.1.1.202309131626/tools/bin/../lib/gcc/arm-none-eabi/11.3.1/../../../../arm-none-eabi/lib/thumb/v7e-m+fp/hard\libc_nano.a(libc_a-memchr.o)
 .ARM.attributes
                0x0000000000000846       0x34 C:/ST/STM32CubeIDE_1.11.0/STM32CubeIDE/plugins/com.st.stm32cube.ide.mcu.externaltools.gnu-tools-for-stm32.11.3.rel1.win32_1.1.1.202309131626/tools/bin/../lib/gcc/arm-none-eabi/11.3.1/../../../../arm-none-eabi/lib/thumb/v7e-m+fp/hard\libc_nano.a(libc_a-memcpy-stub.o)
 .ARM.attributes
                0x000000000000087a       0x34 C:/ST/STM32CubeIDE_1.11.0/STM32CubeIDE/plugins/com.st.stm32cube.ide.mcu.externaltools.gnu-tools-for-stm32.11.3.rel1.win32_1.1.1.202309131626/tools/bin/../lib/gcc/arm-none-eabi/11.3.1/../../../../arm-none-eabi/lib/thumb/v7e-m+fp/hard\libc_nano.a(libc_a-reallocr.o)
 .ARM.attributes
                0x00000000000008ae       0x34 C:/ST/STM32CubeIDE_1.11.0/STM32CubeIDE/plugins/com.st.stm32cube.ide.mcu.externaltools.gnu-tools-for-stm32.11.3.rel1.win32_1.1.1.202309131626/tools/bin/../lib/gcc/arm-none-eabi/11.3.1/../../../../arm-none-eabi/lib/thumb/v7e-m+fp/hard\libc_nano.a(libc_a-msizer.o)
 .ARM.attributes
                0x00000000000008e2       0x1e C:/ST/STM32CubeIDE_1.11.0/STM32CubeIDE/plugins/com.st.stm32cube.ide.mcu.externaltools.gnu-tools-for-stm32.11.3.rel1.win32_1.1.1.202309131626/tools/bin/../lib/gcc/arm-none-eabi/11.3.1/thumb/v7e-m+fp/hard\libgcc.a(_aeabi_uldivmod.o)
 .ARM.attributes
                0x0000000000000900       0x34 C:/ST/STM32CubeIDE_1.11.0/STM32CubeIDE/plugins/com.st.stm32cube.ide.mcu.externaltools.gnu-tools-for-stm32.11.3.rel1.win32_1.1.1.202309131626/tools/bin/../lib/gcc/arm-none-eabi/11.3.1/thumb/v7e-m+fp/hard\libgcc.a(_udivmoddi4.o)
 .ARM.attributes
                0x0000000000000934       0x1e C:/ST/STM32CubeIDE_1.11.0/STM32CubeIDE/plugins/com.st.stm32cube.ide.mcu.externaltools.gnu-tools-for-stm32.11.3.rel1.win32_1.1.1.202309131626/tools/bin/../lib/gcc/arm-none-eabi/11.3.1/thumb/v7e-m+fp/hard\libgcc.a(_dvmd_tls.o)
 .ARM.attributes
                0x0000000000000952       0x1e C:/ST/STM32CubeIDE_1.11.0/STM32CubeIDE/plugins/com.st.stm32cube.ide.mcu.externaltools.gnu-tools-for-stm32.11.3.rel1.win32_1.1.1.202309131626/tools/bin/../lib/gcc/arm-none-eabi/11.3.1/thumb/v7e-m+fp/hard/crtn.o
OUTPUT(example.elf elf32-littlearm)
LOAD linker stubs
LOAD C:/ST/STM32CubeIDE_1.11.0/STM32CubeIDE/plugins/com.st.stm32cube.ide.mcu.externaltools.gnu-tools-for-stm32.11.3.rel1.win32_1.1.1.202309131626/tools/bin/../lib/gcc/arm-none-eabi/11.3.1/../../../../arm-none-eabi/lib/thumb/v7e-m+fp/hard\libc.a
LOAD C:/ST/STM32CubeIDE_1.11.0/STM32CubeIDE/plugins/com.st.stm32cube.ide.mcu.externaltools.gnu-tools-for-stm32.11.3.rel1.win32_1.1.1.202309131626/tools/bin/../lib/gcc/arm-none-eabi/11.3.1/../../../../arm-none-eabi/lib/thumb/v7e-m+fp/hard\libm.a
LOAD C:/ST/STM32CubeIDE_1.11.0/STM32CubeIDE/plugins/com.st.stm32cube.ide.mcu.externaltools.gnu-tools-for-stm32.11.3.rel1.win32_1.1.1.202309131626/tools/bin/../lib/gcc/arm-none-eabi/11.3.1/thumb/v7e-m+fp/hard\libgcc.a

.comment        0x0000000000000000       0x43
 .comment       0x0000000000000000       0x43 C:/ST/STM32CubeIDE_1.11.0/STM32CubeIDE/plugins/com.st.stm32cube.ide.mcu.externaltools.gnu-tools-for-stm32.11.3.rel1.win32_1.1.1.202309131626/tools/bin/../lib/gcc/arm-none-eabi/11.3.1/thumb/v7e-m+fp/hard/crtbegin.o
                                         0x44 (size before relaxing)
 .comment       0x0000000000000043       0x44 ./Core/Src/main.o
 .comment       0x0000000000000043       0x44 ./Core/Src/sim800.o
 .comment       0x0000000000000043       0x44 ./Core/Src/stm32f4xx_hal_msp.o
 .comment       0x0000000000000043       0x44 ./Core/Src/stm32f4xx_it.o
 .comment       0x0000000000000043       0x44 ./Core/Src/sysmem.o
 .comment       0x0000000000000043       0x44 ./Core/Src/system_stm32f4xx.o
 .comment       0x0000000000000043       0x44 ./Drivers/STM32F4xx_HAL_Driver/Src/stm32f4xx_hal.o
 .comment       0x0000000000000043       0x44 ./Drivers/STM32F4xx_HAL_Driver/Src/stm32f4xx_hal_cortex.o
 .comment       0x0000000000000043       0x44 ./Drivers/STM32F4xx_HAL_Driver/Src/stm32f4xx_hal_dma.o
 .comment       0x0000000000000043       0x44 ./Drivers/STM32F4xx_HAL_Driver/Src/stm32f4xx_hal_gpio.o
 .comment       0x0000000000000043       0x44 ./Drivers/STM32F4xx_HAL_Driver/Src/stm32f4xx_hal_rcc.o
 .comment       0x0000000000000043       0x44 ./Drivers/STM32F4xx_HAL_Driver/Src/stm32f4xx_hal_uart.o

.debug_info     0x0000000000000000     0x94eb
 .debug_info    0x0000000000000000      0xeca ./Core/Src/main.o
 .debug_info    0x0000000000000eca     0x1065 ./Core/Src/sim800.o
 .debug_info    0x0000000000001f2f      0xad5 ./Core/Src/stm32f4xx_hal_msp.o
 .debug_info    0x0000000000002a04      0x622 ./Core/Src/stm32f4xx_it.o
 .debug_info    0x0000000000003026      0x168 ./Core/Src/sysmem.o
 .debug_info    0x000000000000318e      0x53e ./Core/Src/system_stm32f4xx.o
 .debug_info    0x00000000000036cc       0x23 ./Core/Startup/startup_stm32f401ccux.o
 .debug_info    0x00000000000036ef      0x8bb ./Drivers/STM32F4xx_HAL_Driver/Src/stm32f4xx_hal.o
 .debug_info    0x0000000000003faa      0xcb0 ./Drivers/STM32F4xx_HAL_Driver/Src/stm32f4xx_hal_cortex.o
 .debug_info    0x0000000000004c5a      0x8e6 ./Drivers/STM32F4xx_HAL_Driver/Src/stm32f4xx_hal_dma.o
 .debug_info    0x0000000000005540      0x6f9 ./Drivers/STM32F4xx_HAL_Driver/Src/stm32f4xx_hal_gpio.o
 .debug_info    0x0000000000005c39      0x8f3 ./Drivers/STM32F4xx_HAL_Driver/Src/stm32f4xx_hal_rcc.o
 .debug_info    0x000000000000652c     0x2fbf ./Drivers/STM32F4xx_HAL_Driver/Src/stm32f4xx_hal_uart.o

.debug_abbrev   0x0000000000000000     0x1a61
 .debug_abbrev  0x0000000000000000      0x2e8 ./Core/Src/main.o
 .debug_abbrev  0x00000000000002e8      0x30e ./Core/Src/sim800.o
 .debug_abbrev  0x00000000000005f6      0x1cb ./Core/Src/stm32f4xx_hal_msp.o
 .debug_abbrev  0x00000000000007c1      0x182 ./Core/Src/stm32f4xx_it.o
 .debug_abbrev  0x0000000000000943       0xbc ./Core/Src/sysmem.o
 .debug_abbrev  0x00000000000009ff      0x11a ./Core/Src/system_stm32f4xx.o
 .debug_abbrev  0x0000000000000b19       0x12 ./Core/Startup/startup_stm32f401ccux.o
 .debug_abbrev  0x0000000000000b2b      0x24b ./Drivers/STM32F4xx_HAL_Driver/Src/stm32f4xx_hal.o
 .debug_abbrev  0x0000000000000d76      0x327 ./Drivers/STM32F4xx_HAL_Driver/Src/stm32f4xx_hal_cortex.o
 .debug_abbrev  0x000000000000109d      0x221 ./Drivers/STM32F4xx_HAL_Driver/Src/stm32f4xx_hal_dma.o
 .debug_abbrev  0x00000000000012be      0x1d3 ./Drivers/STM32F4xx_HAL_Driver/Src/stm32f4xx_hal_gpio.o
 .debug_abbrev  0x0000000000001491      0x2b5 ./Drivers/STM32F4xx_HAL_Driver/Src/stm32f4xx_hal_rcc.o
 .debug_abbrev  0x0000000000001746      0x31b ./Drivers/STM32F4xx_HAL_Driver/Src/stm32f4xx_hal_uart.o

.debug_aranges  0x0000000000000000      0x798
 .debug_aranges
                0x0000000000000000       0x58 ./Core/Src/main.o
 .debug_aranges
                0x0000000000000058       0xc0 ./Core/Src/sim800.o
 .debug_aranges
                0x0000000000000118       0x30 ./Core/Src/stm32f4xx_hal_msp.o
 .debug_aranges
                0x0000000000000148       0x68 ./Core/Src/stm32f4xx_it.o
 .debug_aranges
                0x00000000000001b0       0x20 ./Core/Src/sysmem.o
 .debug_aranges
                0x00000000000001d0       0x28 ./Core/Src/system_stm32f4xx.o
 .debug_aranges
                0x00000000000001f8       0x28 ./Core/Startup/startup_stm32f401ccux.o
 .debug_aranges
                0x0000000000000220       0xf0 ./Drivers/STM32F4xx_HAL_Driver/Src/stm32f4xx_hal.o
 .debug_aranges
                0x0000000000000310      0x118 ./Drivers/STM32F4xx_HAL_Driver/Src/stm32f4xx_hal_cortex.o
 .debug_aranges
                0x0000000000000428       0x90 ./Drivers/STM32F4xx_HAL_Driver/Src/stm32f4xx_hal_dma.o
 .debug_aranges
                0x00000000000004b8       0x58 ./Drivers/STM32F4xx_HAL_Driver/Src/stm32f4xx_hal_gpio.o
 .debug_aranges
                0x0000000000000510       0x88 ./Drivers/STM32F4xx_HAL_Driver/Src/stm32f4xx_hal_rcc.o
 .debug_aranges
                0x0000000000000598      0x200 ./Drivers/STM32F4xx_HAL_Driver/Src/stm32f4xx_hal_uart.o

.debug_rnglists
                0x0000000000000000      0x5cd
 .debug_rnglists
                0x0000000000000000       0x3f ./Core/Src/main.o
 .debug_rnglists
                0x000000000000003f       0x96 ./Core/Src/sim800.o
 .debug_rnglists
                0x00000000000000d5       0x20 ./Core/Src/stm32f4xx_hal_msp.o
 .debug_rnglists
                0x00000000000000f5       0x49 ./Core/Src/stm32f4xx_it.o
 .debug_rnglists
                0x000000000000013e       0x13 ./Core/Src/sysmem.o
 .debug_rnglists
                0x0000000000000151       0x1a ./Core/Src/system_stm32f4xx.o
 .debug_rnglists
                0x000000000000016b       0x19 ./Core/Startup/startup_stm32f401ccux.o
 .debug_rnglists
                0x0000000000000184       0xaf ./Drivers/STM32F4xx_HAL_Driver/Src/stm32f4xx_hal.o
 .debug_rnglists
                0x0000000000000233       0xce ./Drivers/STM32F4xx_HAL_Driver/Src/stm32f4xx_hal_cortex.o
 .debug_rnglists
                0x0000000000000301       0x70 ./Drivers/STM32F4xx_HAL_Driver/Src/stm32f4xx_hal_dma.o
 .debug_rnglists
                0x0000000000000371       0x3f ./Drivers/STM32F4xx_HAL_Driver/Src/stm32f4xx_hal_gpio.o
 .debug_rnglists
                0x00000000000003b0       0x66 ./Drivers/STM32F4xx_HAL_Driver/Src/stm32f4xx_hal_rcc.o
 .debug_rnglists
                0x0000000000000416      0x1b7 ./Drivers/STM32F4xx_HAL_Driver/Src/stm32f4xx_hal_uart.o

.debug_macro    0x0000000000000000    0x15b00
 .debug_macro   0x0000000000000000      0x2df ./Core/Src/main.o
 .debug_macro   0x00000000000002df      0xaa8 ./Core/Src/main.o
 .debug_macro   0x0000000000000d87      0x295 ./Core/Src/main.o
 .debug_macro   0x000000000000101c       0x2e ./Core/Src/main.o
 .debug_macro   0x000000000000104a       0x28 ./Core/Src/main.o
 .debug_macro   0x0000000000001072       0x22 ./Core/Src/main.o
 .debug_macro   0x0000000000001094       0x8e ./Core/Src/main.o
 .debug_macro   0x0000000000001122       0x51 ./Core/Src/main.o
 .debug_macro   0x0000000000001173      0x103 ./Core/Src/main.o
 .debug_macro   0x0000000000001276       0x6a ./Core/Src/main.o
 .debug_macro   0x00000000000012e0      0x1df ./Core/Src/main.o
 .debug_macro   0x00000000000014bf       0x1c ./Core/Src/main.o
 .debug_macro   0x00000000000014db       0x22 ./Core/Src/main.o
 .debug_macro   0x00000000000014fd       0xd9 ./Core/Src/main.o
 .debug_macro   0x00000000000015d6     0x102d ./Core/Src/main.o
 .debug_macro   0x0000000000002603      0x11f ./Core/Src/main.o
 .debug_macro   0x0000000000002722     0xb86c ./Core/Src/main.o
 .debug_macro   0x000000000000df8e       0x6d ./Core/Src/main.o
 .debug_macro   0x000000000000dffb     0x367e ./Core/Src/main.o
 .debug_macro   0x0000000000011679      0x174 ./Core/Src/main.o
 .debug_macro   0x00000000000117ed       0x5c ./Core/Src/main.o
 .debug_macro   0x0000000000011849      0x416 ./Core/Src/main.o
 .debug_macro   0x0000000000011c5f      0x9fe ./Core/Src/main.o
 .debug_macro   0x000000000001265d      0x115 ./Core/Src/main.o
 .debug_macro   0x0000000000012772       0xf8 ./Core/Src/main.o
 .debug_macro   0x000000000001286a       0xa5 ./Core/Src/main.o
 .debug_macro   0x000000000001290f      0x15f ./Core/Src/main.o
 .debug_macro   0x0000000000012a6e      0x287 ./Core/Src/main.o
 .debug_macro   0x0000000000012cf5       0x5f ./Core/Src/main.o
 .debug_macro   0x0000000000012d54      0x236 ./Core/Src/main.o
 .debug_macro   0x0000000000012f8a      0x132 ./Core/Src/main.o
 .debug_macro   0x00000000000130bc      0x23a ./Core/Src/main.o
 .debug_macro   0x00000000000132f6       0x2e ./Core/Src/main.o
 .debug_macro   0x0000000000013324      0x11a ./Core/Src/main.o
 .debug_macro   0x000000000001343e       0x85 ./Core/Src/main.o
 .debug_macro   0x00000000000134c3       0x89 ./Core/Src/main.o
 .debug_macro   0x000000000001354c      0x295 ./Core/Src/main.o
 .debug_macro   0x00000000000137e1      0x126 ./Core/Src/main.o
 .debug_macro   0x0000000000013907       0x61 ./Core/Src/main.o
 .debug_macro   0x0000000000013968       0x2a ./Core/Src/main.o
 .debug_macro   0x0000000000013992       0x43 ./Core/Src/main.o
 .debug_macro   0x00000000000139d5       0x34 ./Core/Src/main.o
 .debug_macro   0x0000000000013a09       0x16 ./Core/Src/main.o
 .debug_macro   0x0000000000013a1f       0x43 ./Core/Src/main.o
 .debug_macro   0x0000000000013a62       0x34 ./Core/Src/main.o
 .debug_macro   0x0000000000013a96       0x10 ./Core/Src/main.o
 .debug_macro   0x0000000000013aa6       0x58 ./Core/Src/main.o
 .debug_macro   0x0000000000013afe       0x8e ./Core/Src/main.o
 .debug_macro   0x0000000000013b8c       0x1c ./Core/Src/main.o
 .debug_macro   0x0000000000013ba8      0x177 ./Core/Src/main.o
 .debug_macro   0x0000000000013d1f      0x369 ./Core/Src/main.o
 .debug_macro   0x0000000000014088       0x10 ./Core/Src/main.o
 .debug_macro   0x0000000000014098       0x35 ./Core/Src/main.o
 .debug_macro   0x00000000000140cd       0x20 ./Core/Src/main.o
 .debug_macro   0x00000000000140ed       0x1c ./Core/Src/main.o
 .debug_macro   0x0000000000014109       0x10 ./Core/Src/main.o
 .debug_macro   0x0000000000014119       0x1c ./Core/Src/main.o
 .debug_macro   0x0000000000014135       0x16 ./Core/Src/main.o
 .debug_macro   0x000000000001414b      0x147 ./Core/Src/main.o
 .debug_macro   0x0000000000014292       0x3a ./Core/Src/main.o
 .debug_macro   0x00000000000142cc      0x2cf ./Core/Src/sim800.o
 .debug_macro   0x000000000001459b       0x5b ./Core/Src/sim800.o
 .debug_macro   0x00000000000145f6       0x94 ./Core/Src/sim800.o
 .debug_macro   0x000000000001468a       0x57 ./Core/Src/sim800.o
 .debug_macro   0x00000000000146e1       0x16 ./Core/Src/sim800.o
 .debug_macro   0x00000000000146f7       0x16 ./Core/Src/sim800.o
 .debug_macro   0x000000000001470d       0x29 ./Core/Src/sim800.o
 .debug_macro   0x0000000000014736       0x56 ./Core/Src/sim800.o
 .debug_macro   0x000000000001478c      0x1c4 ./Core/Src/stm32f4xx_hal_msp.o
 .debug_macro   0x0000000000014950      0x1ce ./Core/Src/stm32f4xx_it.o
 .debug_macro   0x0000000000014b1e       0xff ./Core/Src/sysmem.o
 .debug_macro   0x0000000000014c1d      0x23c ./Core/Src/sysmem.o
 .debug_macro   0x0000000000014e59      0x1ba ./Core/Src/system_stm32f4xx.o
 .debug_macro   0x0000000000015013      0x21a ./Drivers/STM32F4xx_HAL_Driver/Src/stm32f4xx_hal.o
 .debug_macro   0x000000000001522d      0x1ba ./Drivers/STM32F4xx_HAL_Driver/Src/stm32f4xx_hal_cortex.o
 .debug_macro   0x00000000000153e7      0x1c0 ./Drivers/STM32F4xx_HAL_Driver/Src/stm32f4xx_hal_dma.o
 .debug_macro   0x00000000000155a7      0x1c0 ./Drivers/STM32F4xx_HAL_Driver/Src/stm32f4xx_hal_gpio.o
 .debug_macro   0x0000000000015767      0x1de ./Drivers/STM32F4xx_HAL_Driver/Src/stm32f4xx_hal_rcc.o
 .debug_macro   0x0000000000015945      0x1bb ./Drivers/STM32F4xx_HAL_Driver/Src/stm32f4xx_hal_uart.o

.debug_line     0x0000000000000000     0x9ee5
 .debug_line    0x0000000000000000      0xa1c ./Core/Src/main.o
 .debug_line    0x0000000000000a1c      0xe97 ./Core/Src/sim800.o
 .debug_line    0x00000000000018b3      0x766 ./Core/Src/stm32f4xx_hal_msp.o
 .debug_line    0x0000000000002019      0x7f0 ./Core/Src/stm32f4xx_it.o
 .debug_line    0x0000000000002809      0x579 ./Core/Src/sysmem.o
 .debug_line    0x0000000000002d82      0x797 ./Core/Src/system_stm32f4xx.o
 .debug_line    0x0000000000003519       0x7a ./Core/Startup/startup_stm32f401ccux.o
 .debug_line    0x0000000000003593      0x9fd ./Drivers/STM32F4xx_HAL_Driver/Src/stm32f4xx_hal.o
 .debug_line    0x0000000000003f90      0xcac ./Drivers/STM32F4xx_HAL_Driver/Src/stm32f4xx_hal_cortex.o
 .debug_line    0x0000000000004c3c      0xf61 ./Drivers/STM32F4xx_HAL_Driver/Src/stm32f4xx_hal_dma.o
 .debug_line    0x0000000000005b9d      0xb35 ./Drivers/STM32F4xx_HAL_Driver/Src/stm32f4xx_hal_gpio.o
 .debug_line    0x00000000000066d2      0xd74 ./Drivers/STM32F4xx_HAL_Driver/Src/stm32f4xx_hal_rcc.o
 .debug_line    0x0000000000007446     0x2a9f ./Drivers/STM32F4xx_HAL_Driver/Src/stm32f4xx_hal_uart.o

.debug_str      0x0000000000000000    0x851c6
 .debug_str     0x0000000000000000    0x82e2f ./Core/Src/main.o
                                      0x83154 (size before relaxing)
 .debug_str     0x0000000000082e2f      0x28b ./Core/Src/sim800.o
                                      0x82a5e (size before relaxing)
 .debug_str     0x00000000000830ba      0x49e ./Core/Src/stm32f4xx_hal_msp.o
                                      0x7f6e0 (size before relaxing)
 .debug_str     0x0000000000083558       0xef ./Core/Src/stm32f4xx_it.o
                                      0x7f213 (size before relaxing)
 .debug_str     0x0000000000083647      0x4dc ./Core/Src/sysmem.o
                                       0x6063 (size before relaxing)
 .debug_str     0x0000000000083b23       0xdb ./Core/Src/system_stm32f4xx.o
                                      0x7eec7 (size before relaxing)
 .debug_str     0x0000000000083bfe       0x34 ./Core/Startup/startup_stm32f401ccux.o
                                         0x75 (size before relaxing)
 .debug_str     0x0000000000083c32      0x601 ./Drivers/STM32F4xx_HAL_Driver/Src/stm32f4xx_hal.o
                                      0x7f8e9 (size before relaxing)
 .debug_str     0x0000000000084233      0x32d ./Drivers/STM32F4xx_HAL_Driver/Src/stm32f4xx_hal_cortex.o
                                      0x7f60a (size before relaxing)
 .debug_str     0x0000000000084560      0x322 ./Drivers/STM32F4xx_HAL_Driver/Src/stm32f4xx_hal_dma.o
                                      0x7f2cf (size before relaxing)
 .debug_str     0x0000000000084882      0x15d ./Drivers/STM32F4xx_HAL_Driver/Src/stm32f4xx_hal_gpio.o
                                      0x7f042 (size before relaxing)
 .debug_str     0x00000000000849df      0x233 ./Drivers/STM32F4xx_HAL_Driver/Src/stm32f4xx_hal_rcc.o
                                      0x7f2fb (size before relaxing)
 .debug_str     0x0000000000084c12      0x5b4 ./Drivers/STM32F4xx_HAL_Driver/Src/stm32f4xx_hal_uart.o
                                      0x7f888 (size before relaxing)

.debug_frame    0x0000000000000000     0x24fc
 .debug_frame   0x0000000000000000      0x11c ./Core/Src/main.o
 .debug_frame   0x000000000000011c      0x320 ./Core/Src/sim800.o
 .debug_frame   0x000000000000043c       0x80 ./Core/Src/stm32f4xx_hal_msp.o
 .debug_frame   0x00000000000004bc      0x120 ./Core/Src/stm32f4xx_it.o
 .debug_frame   0x00000000000005dc       0x34 ./Core/Src/sysmem.o
 .debug_frame   0x0000000000000610       0x58 ./Core/Src/system_stm32f4xx.o
 .debug_frame   0x0000000000000668      0x374 ./Drivers/STM32F4xx_HAL_Driver/Src/stm32f4xx_hal.o
 .debug_frame   0x00000000000009dc      0x498 ./Drivers/STM32F4xx_HAL_Driver/Src/stm32f4xx_hal_cortex.o
 .debug_frame   0x0000000000000e74      0x250 ./Drivers/STM32F4xx_HAL_Driver/Src/stm32f4xx_hal_dma.o
 .debug_frame   0x00000000000010c4      0x14c ./Drivers/STM32F4xx_HAL_Driver/Src/stm32f4xx_hal_gpio.o
 .debug_frame   0x0000000000001210      0x1f4 ./Drivers/STM32F4xx_HAL_Driver/Src/stm32f4xx_hal_rcc.o
 .debug_frame   0x0000000000001404      0x92c ./Drivers/STM32F4xx_HAL_Driver/Src/stm32f4xx_hal_uart.o
 .debug_frame   0x0000000000001d30       0x38 C:/ST/STM32CubeIDE_1.11.0/STM32CubeIDE/plugins/com.st.stm32cube.ide.mcu.externaltools.gnu-tools-for-stm32.11.3.rel1.win32_1.1.1.202309131626/tools/bin/../lib/gcc/arm-none-eabi/11.3.1/../../../../arm-none-eabi/lib/thumb/v7e-m+fp/hard\libc_nano.a(libc_a-itoa.o)
 .debug_frame   0x0000000000001d68       0x64 C:/ST/STM32CubeIDE_1.11.0/STM32CubeIDE/plugins/com.st.stm32cube.ide.mcu.externaltools.gnu-tools-for-stm32.11.3.rel1.win32_1.1.1.202309131626/tools/bin/../lib/gcc/arm-none-eabi/11.3.1/../../../../arm-none-eabi/lib/thumb/v7e-m+fp/hard\libc_nano.a(libc_a-strtol.o)
 .debug_frame   0x0000000000001dcc       0x48 C:/ST/STM32CubeIDE_1.11.0/STM32CubeIDE/plugins/com.st.stm32cube.ide.mcu.externaltools.gnu-tools-for-stm32.11.3.rel1.win32_1.1.1.202309131626/tools/bin/../lib/gcc/arm-none-eabi/11.3.1/../../../../arm-none-eabi/lib/thumb/v7e-m+fp/hard\libc_nano.a(libc_a-utoa.o)
 .debug_frame   0x0000000000001e14      0x144 C:/ST/STM32CubeIDE_1.11.0/STM32CubeIDE/plugins/com.st.stm32cube.ide.mcu.externaltools.gnu-tools-for-stm32.11.3.rel1.win32_1.1.1.202309131626/tools/bin/../lib/gcc/arm-none-eabi/11.3.1/../../../../arm-none-eabi/lib/thumb/v7e-m+fp/hard\libc_nano.a(libc_a-findfp.o)
 .debug_frame   0x0000000000001f58       0x6c C:/ST/STM32CubeIDE_1.11.0/STM32CubeIDE/plugins/com.st.stm32cube.ide.mcu.externaltools.gnu-tools-for-stm32.11.3.rel1.win32_1.1.1.202309131626/tools/bin/../lib/gcc/arm-none-eabi/11.3.1/../../../../arm-none-eabi/lib/thumb/v7e-m+fp/hard\libc_nano.a(libc_a-sprintf.o)
 .debug_frame   0x0000000000001fc4       0x20 C:/ST/STM32CubeIDE_1.11.0/STM32CubeIDE/plugins/com.st.stm32cube.ide.mcu.externaltools.gnu-tools-for-stm32.11.3.rel1.win32_1.1.1.202309131626/tools/bin/../lib/gcc/arm-none-eabi/11.3.1/../../../../arm-none-eabi/lib/thumb/v7e-m+fp/hard\libc_nano.a(libc_a-memset.o)
 .debug_frame   0x0000000000001fe4       0x28 C:/ST/STM32CubeIDE_1.11.0/STM32CubeIDE/plugins/com.st.stm32cube.ide.mcu.externaltools.gnu-tools-for-stm32.11.3.rel1.win32_1.1.1.202309131626/tools/bin/../lib/gcc/arm-none-eabi/11.3.1/../../../../arm-none-eabi/lib/thumb/v7e-m+fp/hard\libc_nano.a(libc_a-strcat.o)
 .debug_frame   0x000000000000200c       0x20 C:/ST/STM32CubeIDE_1.11.0/STM32CubeIDE/plugins/com.st.stm32cube.ide.mcu.externaltools.gnu-tools-for-stm32.11.3.rel1.win32_1.1.1.202309131626/tools/bin/../lib/gcc/arm-none-eabi/11.3.1/../../../../arm-none-eabi/lib/thumb/v7e-m+fp/hard\libc_nano.a(libc_a-strchr.o)
 .debug_frame   0x000000000000202c       0x28 C:/ST/STM32CubeIDE_1.11.0/STM32CubeIDE/plugins/com.st.stm32cube.ide.mcu.externaltools.gnu-tools-for-stm32.11.3.rel1.win32_1.1.1.202309131626/tools/bin/../lib/gcc/arm-none-eabi/11.3.1/../../../../arm-none-eabi/lib/thumb/v7e-m+fp/hard\libc_nano.a(libc_a-strncmp.o)
 .debug_frame   0x0000000000002054       0x28 C:/ST/STM32CubeIDE_1.11.0/STM32CubeIDE/plugins/com.st.stm32cube.ide.mcu.externaltools.gnu-tools-for-stm32.11.3.rel1.win32_1.1.1.202309131626/tools/bin/../lib/gcc/arm-none-eabi/11.3.1/../../../../arm-none-eabi/lib/thumb/v7e-m+fp/hard\libc_nano.a(libc_a-strncpy.o)
 .debug_frame   0x000000000000207c       0x2c C:/ST/STM32CubeIDE_1.11.0/STM32CubeIDE/plugins/com.st.stm32cube.ide.mcu.externaltools.gnu-tools-for-stm32.11.3.rel1.win32_1.1.1.202309131626/tools/bin/../lib/gcc/arm-none-eabi/11.3.1/../../../../arm-none-eabi/lib/thumb/v7e-m+fp/hard\libc_nano.a(libc_a-strstr.o)
 .debug_frame   0x00000000000020a8       0x38 C:/ST/STM32CubeIDE_1.11.0/STM32CubeIDE/plugins/com.st.stm32cube.ide.mcu.externaltools.gnu-tools-for-stm32.11.3.rel1.win32_1.1.1.202309131626/tools/bin/../lib/gcc/arm-none-eabi/11.3.1/../../../../arm-none-eabi/lib/thumb/v7e-m+fp/hard\libc_nano.a(libc_a-reent.o)
 .debug_frame   0x00000000000020e0       0x20 C:/ST/STM32CubeIDE_1.11.0/STM32CubeIDE/plugins/com.st.stm32cube.ide.mcu.externaltools.gnu-tools-for-stm32.11.3.rel1.win32_1.1.1.202309131626/tools/bin/../lib/gcc/arm-none-eabi/11.3.1/../../../../arm-none-eabi/lib/thumb/v7e-m+fp/hard\libc_nano.a(libc_a-errno.o)
 .debug_frame   0x0000000000002100       0x2c C:/ST/STM32CubeIDE_1.11.0/STM32CubeIDE/plugins/com.st.stm32cube.ide.mcu.externaltools.gnu-tools-for-stm32.11.3.rel1.win32_1.1.1.202309131626/tools/bin/../lib/gcc/arm-none-eabi/11.3.1/../../../../arm-none-eabi/lib/thumb/v7e-m+fp/hard\libc_nano.a(libc_a-init.o)
 .debug_frame   0x000000000000212c       0xb0 C:/ST/STM32CubeIDE_1.11.0/STM32CubeIDE/plugins/com.st.stm32cube.ide.mcu.externaltools.gnu-tools-for-stm32.11.3.rel1.win32_1.1.1.202309131626/tools/bin/../lib/gcc/arm-none-eabi/11.3.1/../../../../arm-none-eabi/lib/thumb/v7e-m+fp/hard\libc_nano.a(libc_a-lock.o)
 .debug_frame   0x00000000000021dc       0x20 C:/ST/STM32CubeIDE_1.11.0/STM32CubeIDE/plugins/com.st.stm32cube.ide.mcu.externaltools.gnu-tools-for-stm32.11.3.rel1.win32_1.1.1.202309131626/tools/bin/../lib/gcc/arm-none-eabi/11.3.1/../../../../arm-none-eabi/lib/thumb/v7e-m+fp/hard\libc_nano.a(libc_a-strcmp.o)
 .debug_frame   0x00000000000021fc       0x20 C:/ST/STM32CubeIDE_1.11.0/STM32CubeIDE/plugins/com.st.stm32cube.ide.mcu.externaltools.gnu-tools-for-stm32.11.3.rel1.win32_1.1.1.202309131626/tools/bin/../lib/gcc/arm-none-eabi/11.3.1/../../../../arm-none-eabi/lib/thumb/v7e-m+fp/hard\libc_nano.a(libc_a-strcpy.o)
 .debug_frame   0x000000000000221c       0x38 C:/ST/STM32CubeIDE_1.11.0/STM32CubeIDE/plugins/com.st.stm32cube.ide.mcu.externaltools.gnu-tools-for-stm32.11.3.rel1.win32_1.1.1.202309131626/tools/bin/../lib/gcc/arm-none-eabi/11.3.1/../../../../arm-none-eabi/lib/thumb/v7e-m+fp/hard\libc_nano.a(libc_a-freer.o)
 .debug_frame   0x0000000000002254       0x50 C:/ST/STM32CubeIDE_1.11.0/STM32CubeIDE/plugins/com.st.stm32cube.ide.mcu.externaltools.gnu-tools-for-stm32.11.3.rel1.win32_1.1.1.202309131626/tools/bin/../lib/gcc/arm-none-eabi/11.3.1/../../../../arm-none-eabi/lib/thumb/v7e-m+fp/hard\libc_nano.a(libc_a-mallocr.o)
 .debug_frame   0x00000000000022a4       0x30 C:/ST/STM32CubeIDE_1.11.0/STM32CubeIDE/plugins/com.st.stm32cube.ide.mcu.externaltools.gnu-tools-for-stm32.11.3.rel1.win32_1.1.1.202309131626/tools/bin/../lib/gcc/arm-none-eabi/11.3.1/../../../../arm-none-eabi/lib/thumb/v7e-m+fp/hard\libc_nano.a(libc_a-mlock.o)
 .debug_frame   0x00000000000022d4       0x90 C:/ST/STM32CubeIDE_1.11.0/STM32CubeIDE/plugins/com.st.stm32cube.ide.mcu.externaltools.gnu-tools-for-stm32.11.3.rel1.win32_1.1.1.202309131626/tools/bin/../lib/gcc/arm-none-eabi/11.3.1/../../../../arm-none-eabi/lib/thumb/v7e-m+fp/hard\libc_nano.a(libc_a-nano-svfprintf.o)
 .debug_frame   0x0000000000002364       0x60 C:/ST/STM32CubeIDE_1.11.0/STM32CubeIDE/plugins/com.st.stm32cube.ide.mcu.externaltools.gnu-tools-for-stm32.11.3.rel1.win32_1.1.1.202309131626/tools/bin/../lib/gcc/arm-none-eabi/11.3.1/../../../../arm-none-eabi/lib/thumb/v7e-m+fp/hard\libc_nano.a(libc_a-nano-vfprintf_i.o)
 .debug_frame   0x00000000000023c4       0x28 C:/ST/STM32CubeIDE_1.11.0/STM32CubeIDE/plugins/com.st.stm32cube.ide.mcu.externaltools.gnu-tools-for-stm32.11.3.rel1.win32_1.1.1.202309131626/tools/bin/../lib/gcc/arm-none-eabi/11.3.1/../../../../arm-none-eabi/lib/thumb/v7e-m+fp/hard\libc_nano.a(libc_a-memmove.o)
 .debug_frame   0x00000000000023ec       0x2c C:/ST/STM32CubeIDE_1.11.0/STM32CubeIDE/plugins/com.st.stm32cube.ide.mcu.externaltools.gnu-tools-for-stm32.11.3.rel1.win32_1.1.1.202309131626/tools/bin/../lib/gcc/arm-none-eabi/11.3.1/../../../../arm-none-eabi/lib/thumb/v7e-m+fp/hard\libc_nano.a(libc_a-sbrkr.o)
 .debug_frame   0x0000000000002418       0x28 C:/ST/STM32CubeIDE_1.11.0/STM32CubeIDE/plugins/com.st.stm32cube.ide.mcu.externaltools.gnu-tools-for-stm32.11.3.rel1.win32_1.1.1.202309131626/tools/bin/../lib/gcc/arm-none-eabi/11.3.1/../../../../arm-none-eabi/lib/thumb/v7e-m+fp/hard\libc_nano.a(libc_a-memcpy-stub.o)
 .debug_frame   0x0000000000002440       0x3c C:/ST/STM32CubeIDE_1.11.0/STM32CubeIDE/plugins/com.st.stm32cube.ide.mcu.externaltools.gnu-tools-for-stm32.11.3.rel1.win32_1.1.1.202309131626/tools/bin/../lib/gcc/arm-none-eabi/11.3.1/../../../../arm-none-eabi/lib/thumb/v7e-m+fp/hard\libc_nano.a(libc_a-reallocr.o)
 .debug_frame   0x000000000000247c       0x20 C:/ST/STM32CubeIDE_1.11.0/STM32CubeIDE/plugins/com.st.stm32cube.ide.mcu.externaltools.gnu-tools-for-stm32.11.3.rel1.win32_1.1.1.202309131626/tools/bin/../lib/gcc/arm-none-eabi/11.3.1/../../../../arm-none-eabi/lib/thumb/v7e-m+fp/hard\libc_nano.a(libc_a-msizer.o)
 .debug_frame   0x000000000000249c       0x2c C:/ST/STM32CubeIDE_1.11.0/STM32CubeIDE/plugins/com.st.stm32cube.ide.mcu.externaltools.gnu-tools-for-stm32.11.3.rel1.win32_1.1.1.202309131626/tools/bin/../lib/gcc/arm-none-eabi/11.3.1/thumb/v7e-m+fp/hard\libgcc.a(_aeabi_uldivmod.o)
 .debug_frame   0x00000000000024c8       0x34 C:/ST/STM32CubeIDE_1.11.0/STM32CubeIDE/plugins/com.st.stm32cube.ide.mcu.externaltools.gnu-tools-for-stm32.11.3.rel1.win32_1.1.1.202309131626/tools/bin/../lib/gcc/arm-none-eabi/11.3.1/thumb/v7e-m+fp/hard\libgcc.a(_udivmoddi4.o)

.debug_line_str
                0x0000000000000000       0x69
 .debug_line_str
                0x0000000000000000       0x69 ./Core/Startup/startup_stm32f401ccux.o
                                         0x81 (size before relaxing)
